C51 COMPILER V9.60.0.0   MAIN                                                              04/13/2022 21:34:53 PAGE 1   


C51 COMPILER V9.60.0.0, COMPILATION OF MODULE MAIN
OBJECT MODULE PLACED IN .\Objects\main.obj
COMPILER INVOKED BY: C:\Keil_v5\C51\BIN\C51.EXE main.c OPTIMIZE(8,SPEED) BROWSE DEBUG OBJECTEXTEND PRINT(.\Listings\main
                    -.lst) TABS(2) OBJECT(.\Objects\main.obj)

line level    source

   1          #include <reg51.h>
   2          unsigned char table[]={ 0x3f,0x06,0x5b,0x4f,0x66,0x6d,0x7d,0x07,0x7f,0x6f};
   3          unsigned char count=0;
   4          sbit LED_B1=P3^6;
   5          sbit LED_A1=P3^7;
   6          sbit fmq=P1^0;
   7          unsigned char counter;
   8          unsigned char NSF=0;
   9          
  10          typedef unsigned int u16;          //对数据类型进行声明定义
  11          typedef unsigned char u8;
  12          
  13          sbit k1=P3^1;
  14          sbit k2=P3^0;
  15          
  16          sbit beep=P1^0;
  17          sbit relay=P1^1;
  18          u8 start=0;
  19          void delayms(unsigned int xms);
  20          //定时器0初始化
  21          void Init(void)
  22          {
  23   1          TMOD=0x01;
  24   1          TH0=(65536-10000)/256;
  25   1          TL0=(65536-10000)%256;
  26   1      }
  27          /****************************************************************
  28          ***************
  29          * 函 数 名 : Int1Init()
  30          * 函数功能 : 设置外部中断 1
  31          * 输 入 : 无
  32          * 输 出 : 无
  33          *****************************************************************
  34          **************/
  35          void Int0Init()
  36          {
  37   1          //设置 INT0
  38   1          IT0=1;//跳变沿出发方式（下降沿）
  39   1          EX0=1;//打开 INT0 的中断允许。
  40   1          EA=1;//打开总中断
  41   1      }
  42          /****************************************************************
  43          ***************
  44          * 函 数 名 : Int0() interrupt 0
  45          * 函数功能 : 外部中断 0 的中断函数
  46          * 输 入 : 无
  47          * 输 出 : 无
  48          *****************************************************************
  49          **************/
  50          void Int0() interrupt 0 //外部中断 0 的中断函数
  51          {
  52   1      //delay(1000); //延时消抖
  53   1          ET0=1;//定时器中断使能
  54   1          TR0=1;//启动 T0
C51 COMPILER V9.60.0.0   MAIN                                                              04/13/2022 21:34:53 PAGE 2   

  55   1          EA=1;
  56   1      }
  57          
  58          //处理定时器0中断
  59          void timer0(void) interrupt 1
  60          {
  61   1          TMOD=0x01;
  62   1          TH0=(65536-50000)/256;
  63   1          TL0=(65536-50000)%256;
  64   1          TR0=1;
  65   1          ET0=1;
  66   1          EA=1;
  67   1          beep=1;
  68   1        relay=1;
  69   1          count++;
  70   1          if(count>19)
  71   1          {//当定时到1秒时执行花括号里面的语句
  72   2              count=0;
  73   2              NSF++;    
  74   2          }
  75   1      }
  76          
  77          
  78          
  79          void delayms(unsigned int xms)
  80          {
  81   1          unsigned int i,j;
  82   1          for(i=xms; i>0; i--)
  83   1              for(j=110; j>0; j--);
  84   1      
  85   1      }
  86          
  87          
  88          //数码管显示函数
  89          void display1(unsigned char num1,unsigned char num2)
  90          {
  91   1          LED_A1=0;
  92   1          P0=table[num1];
  93   1      
  94   1          delayms(10);
  95   1          LED_A1=1;
  96   1      
  97   1          LED_B1=0;
  98   1          P0=table[num2];
  99   1      
 100   1          delayms(10);
 101   1          LED_B1=1;
 102   1      }
 103          void main()
 104          {
 105   1        relay =0;
 106   1          Int0Init();//外部中断1
 107   1          Init();//定时器初始化，但是不启动
 108   1              beep=0;     
 109   1              while(1)
 110   1              {
 111   2                  display1(NSF/10,NSF%10);
 112   2                  delayms(10);
 113   2                if(NSF>12)
 114   2                {
 115   3          ET0=0;//定时器中断使能
 116   3          TR0=0;//启动 T0
C51 COMPILER V9.60.0.0   MAIN                                                              04/13/2022 21:34:53 PAGE 3   

 117   3                  NSF=0;
 118   3              beep=0;
 119   3              relay=0;
 120   3                }
 121   2              }
 122   1        }


MODULE INFORMATION:   STATIC OVERLAYABLE
   CODE SIZE        =    186    ----
   CONSTANT SIZE    =   ----    ----
   XDATA SIZE       =   ----    ----
   PDATA SIZE       =   ----    ----
   DATA SIZE        =     14    ----
   IDATA SIZE       =   ----    ----
   BIT SIZE         =   ----    ----
END OF MODULE INFORMATION.


C51 COMPILATION COMPLETE.  0 WARNING(S),  0 ERROR(S)
