C51 COMPILER V9.60.0.0   MAIN                                                              04/23/2022 22:09:12 PAGE 1   


C51 COMPILER V9.60.0.0, COMPILATION OF MODULE MAIN
OBJECT MODULE PLACED IN .\Objects\main.obj
COMPILER INVOKED BY: C:\Keil_v5\C51\BIN\C51.EXE main.c OPTIMIZE(8,SPEED) BROWSE DEBUG OBJECTEXTEND PRINT(.\Listings\main
                    -.lst) TABS(2) OBJECT(.\Objects\main.obj)

line level    source

   1          //#include <STC12C5A60S2.H>
   2          //#include <STC8.H>
   3          //#include <STC15F2K60S2.H>
   4          #include "STC15Wxx.h"
   5          #include "intrins.h"
   6          #include <stdio.h>         // 为使用KEIL自带的库函数printf而加入
   7          bit busy;
   8          void UartInit(void)   //9600bps@16MHz
   9          {
  10   1        SCON = 0x50;    //8位数据,可变波特率
  11   1        AUXR |= 0x01;   //串口1选择定时器2为波特率发生器
  12   1        AUXR |= 0x04;   //定时器时钟1T模式
  13   1        T2L = 0x5F;   //设置定时初始值
  14   1        T2H = 0xFE;   //设置定时初始值
  15   1        AUXR |= 0x10;   //定时器2开始计时
  16   1        TI=1;     // 很关键，使用printf函数时必须有此命令
  17   1      }
  18          /*----------------------------
  19          UART 中断服务程序
  20          -----------------------------*/
  21          //void Uart() interrupt 4 using 1
  22          //{
  23          // if (RI)
  24          // {
  25          // RI = 0; //清除RI位
  26          // P0 = SBUF; //P0显示串口数据
  27          ////P22 = RB8; //P2.2显示校验位
  28          // }
  29          // if (TI)
  30          // {
  31          // TI = 0; //清除TI位
  32          // busy = 0; //清忙标志
  33          // }
  34          //}
  35          void Delay1000ms()    //@16MHz
  36          {
  37   1        unsigned char i, j, k;
  38   1      
  39   1        _nop_();
  40   1        _nop_();
  41   1        i = 61;
  42   1        j = 204;
  43   1        k = 243;
  44   1        do
  45   1        {
  46   2          do
  47   2          {
  48   3            while (--k);
  49   3          } while (--j);
  50   2        } while (--i);
  51   1      }
  52          
  53          
  54          void main()
C51 COMPILER V9.60.0.0   MAIN                                                              04/23/2022 22:09:12 PAGE 2   

  55          {
  56   1        UartInit();
  57   1      //  EA =1;
  58   1         while(1)
  59   1            {
  60   2              printf("perseverance51 \n"); 
  61   2              Delay1000ms();
  62   2              printf ("hello world! \n"); 
  63   2        }
  64   1      }


MODULE INFORMATION:   STATIC OVERLAYABLE
   CODE SIZE        =     62    ----
   CONSTANT SIZE    =     32    ----
   XDATA SIZE       =   ----    ----
   PDATA SIZE       =   ----    ----
   DATA SIZE        =   ----    ----
   IDATA SIZE       =   ----    ----
   BIT SIZE         =      1    ----
END OF MODULE INFORMATION.


C51 COMPILATION COMPLETE.  0 WARNING(S),  0 ERROR(S)
