Component: ARM Compiler 5.06 update 6 (build 750) Tool: armlink [4d35ed]

==============================================================================

Section Cross References

    main.o(i.main) refers to key.o(i.KEY_4X4_init) for KEY_4X4_init
    main.o(i.main) refers to misc.o(i.NVIC_PriorityGroupConfig) for NVIC_PriorityGroupConfig
    main.o(i.main) refers to usart.o(i.uart_init) for uart_init
    main.o(i.main) refers to delay.o(i.delay_init) for delay_init
    main.o(i.main) refers to oled_iic.o(i.OLED_Init) for OLED_Init
    main.o(i.main) refers to timer.o(i.TIM3_init) for TIM3_init
    main.o(i.main) refers to oled_iic.o(i.OLED_CLS) for OLED_CLS
    main.o(i.main) refers to oled_iic.o(i.show_bmp) for show_bmp
    main.o(i.main) refers to delay.o(i.delay_ms) for delay_ms
    main.o(i.main) refers to printf1.o(i.__0printf$1) for __2printf
    main.o(i.main) refers to usart.o(i.Get_Serial_Data) for Get_Serial_Data
    main.o(i.main) refers to key.o(i.All_Key_Task) for All_Key_Task
    main.o(i.main) refers to timer.o(i.Mision_1ms) for Mision_1ms
    main.o(i.main) refers to oled_iic.o(i.show_UI) for show_UI
    main.o(i.main) refers to main.o(.data) for key_3x3_flag
    system_stm32f10x.o(i.SetSysClock) refers to system_stm32f10x.o(i.SetSysClockTo72) for SetSysClockTo72
    system_stm32f10x.o(i.SystemCoreClockUpdate) refers to system_stm32f10x.o(.data) for SystemCoreClock
    system_stm32f10x.o(i.SystemInit) refers to system_stm32f10x.o(i.SetSysClock) for SetSysClock
    menu.o(i.INTERFACE_Statment) refers to oled_iic.o(i.show_menu) for show_menu
    menu.o(i.INTERFACE_Statment) refers to oled_iic.o(i.show_chosen_current) for show_chosen_current
    menu.o(i.INTERFACE_Statment) refers to oled_iic.o(i.show_chosen_rotation) for show_chosen_rotation
    menu.o(i.INTERFACE_Statment) refers to oled_iic.o(i.show_chosen_all) for show_chosen_all
    menu.o(i.INTERFACE_Statment) refers to oled_iic.o(i.show_current_test) for show_current_test
    menu.o(i.INTERFACE_Statment) refers to oled_iic.o(i.show_rotation_test) for show_rotation_test
    menu.o(i.INTERFACE_Statment) refers to oled_iic.o(i.show_all_test) for show_all_test
    menu.o(i.INTERFACE_Statment) refers to menu.o(.data) for interfece
    menu.o(i.Menu_Key_Down) refers to menu.o(.data) for interfece
    menu.o(i.Menu_Key_Enter) refers to oled_iic.o(i.OLED_CLS) for OLED_CLS
    menu.o(i.Menu_Key_Enter) refers to menu.o(.data) for interfece
    menu.o(i.Menu_Key_Return) refers to oled_iic.o(i.OLED_CLS) for OLED_CLS
    menu.o(i.Menu_Key_Return) refers to menu.o(.data) for interfece
    menu.o(i.Menu_Key_Up) refers to menu.o(.data) for interfece
    oled_iic.o(i.I2C_Configuration) refers to stm32f10x_rcc.o(i.RCC_APB1PeriphClockCmd) for RCC_APB1PeriphClockCmd
    oled_iic.o(i.I2C_Configuration) refers to stm32f10x_rcc.o(i.RCC_APB2PeriphClockCmd) for RCC_APB2PeriphClockCmd
    oled_iic.o(i.I2C_Configuration) refers to stm32f10x_gpio.o(i.GPIO_Init) for GPIO_Init
    oled_iic.o(i.I2C_Configuration) refers to stm32f10x_i2c.o(i.I2C_DeInit) for I2C_DeInit
    oled_iic.o(i.I2C_Configuration) refers to stm32f10x_i2c.o(i.I2C_Cmd) for I2C_Cmd
    oled_iic.o(i.I2C_Configuration) refers to stm32f10x_i2c.o(i.I2C_Init) for I2C_Init
    oled_iic.o(i.I2C_WriteByte) refers to stm32f10x_i2c.o(i.I2C_GetFlagStatus) for I2C_GetFlagStatus
    oled_iic.o(i.I2C_WriteByte) refers to stm32f10x_i2c.o(i.I2C_GenerateSTART) for I2C_GenerateSTART
    oled_iic.o(i.I2C_WriteByte) refers to stm32f10x_i2c.o(i.I2C_CheckEvent) for I2C_CheckEvent
    oled_iic.o(i.I2C_WriteByte) refers to stm32f10x_i2c.o(i.I2C_Send7bitAddress) for I2C_Send7bitAddress
    oled_iic.o(i.I2C_WriteByte) refers to stm32f10x_i2c.o(i.I2C_SendData) for I2C_SendData
    oled_iic.o(i.I2C_WriteByte) refers to stm32f10x_i2c.o(i.I2C_GenerateSTOP) for I2C_GenerateSTOP
    oled_iic.o(i.OLED_CLS) refers to oled_iic.o(i.OLED_Fill) for OLED_Fill
    oled_iic.o(i.OLED_DrawBMP) refers to oled_iic.o(i.OLED_SetPos) for OLED_SetPos
    oled_iic.o(i.OLED_DrawBMP) refers to oled_iic.o(i.WriteDat) for WriteDat
    oled_iic.o(i.OLED_Fill) refers to oled_iic.o(i.WriteCmd) for WriteCmd
    oled_iic.o(i.OLED_Fill) refers to oled_iic.o(i.WriteDat) for WriteDat
    oled_iic.o(i.OLED_Init) refers to oled_iic.o(i.I2C_Configuration) for I2C_Configuration
    oled_iic.o(i.OLED_Init) refers to delay.o(i.delay_ms) for delay_ms
    oled_iic.o(i.OLED_Init) refers to oled_iic.o(i.WriteCmd) for WriteCmd
    oled_iic.o(i.OLED_OFF) refers to oled_iic.o(i.WriteCmd) for WriteCmd
    oled_iic.o(i.OLED_ON) refers to oled_iic.o(i.WriteCmd) for WriteCmd
    oled_iic.o(i.OLED_SetPos) refers to oled_iic.o(i.WriteCmd) for WriteCmd
    oled_iic.o(i.OLED_ShowCN) refers to oled_iic.o(i.OLED_SetPos) for OLED_SetPos
    oled_iic.o(i.OLED_ShowCN) refers to oled_iic.o(i.WriteDat) for WriteDat
    oled_iic.o(i.OLED_ShowCN) refers to oled_iic.o(.data) for F16x16
    oled_iic.o(i.OLED_ShowStr) refers to oled_iic.o(i.OLED_SetPos) for OLED_SetPos
[...]
    printf6.o(i.__0sprintf$6) refers to printf6.o(i._printf_core) for _printf_core
    printf6.o(i.__0sprintf$6) refers to printf6.o(i._sputc) for _sputc
    printf6.o(i.__0vfprintf$6) refers to printf6.o(i._printf_core) for _printf_core
    printf6.o(i.__0vfprintf$6) refers to usart.o(i.fputc) for fputc
    printf6.o(i.__0vprintf$6) refers to printf6.o(i._printf_core) for _printf_core
    printf6.o(i.__0vprintf$6) refers to usart.o(i.fputc) for fputc
    printf6.o(i.__0vprintf$6) refers to usart.o(.data) for __stdout
    printf6.o(i.__0vsnprintf$6) refers to printf6.o(i._printf_core) for _printf_core
    printf6.o(i.__0vsnprintf$6) refers to printf6.o(i._snputc) for _snputc
    printf6.o(i.__0vsprintf$6) refers to printf6.o(i._printf_core) for _printf_core
    printf6.o(i.__0vsprintf$6) refers to printf6.o(i._sputc) for _sputc
    printf6.o(i._printf_core) refers to printf6.o(i._printf_pre_padding) for _printf_pre_padding
    printf6.o(i._printf_core) refers to uidiv.o(.text) for __aeabi_uidivmod
    printf6.o(i._printf_core) refers to printf6.o(i._printf_post_padding) for _printf_post_padding
    printf7.o(i.__0fprintf$7) refers to printf7.o(i._printf_core) for _printf_core
    printf7.o(i.__0fprintf$7) refers to usart.o(i.fputc) for fputc
    printf7.o(i.__0printf$7) refers to printf7.o(i._printf_core) for _printf_core
    printf7.o(i.__0printf$7) refers to usart.o(i.fputc) for fputc
    printf7.o(i.__0printf$7) refers to usart.o(.data) for __stdout
    printf7.o(i.__0snprintf$7) refers to printf7.o(i._printf_core) for _printf_core
    printf7.o(i.__0snprintf$7) refers to printf7.o(i._snputc) for _snputc
    printf7.o(i.__0sprintf$7) refers to printf7.o(i._printf_core) for _printf_core
    printf7.o(i.__0sprintf$7) refers to printf7.o(i._sputc) for _sputc
    printf7.o(i.__0vfprintf$7) refers to printf7.o(i._printf_core) for _printf_core
    printf7.o(i.__0vfprintf$7) refers to usart.o(i.fputc) for fputc
    printf7.o(i.__0vprintf$7) refers to printf7.o(i._printf_core) for _printf_core
    printf7.o(i.__0vprintf$7) refers to usart.o(i.fputc) for fputc
    printf7.o(i.__0vprintf$7) refers to usart.o(.data) for __stdout
    printf7.o(i.__0vsnprintf$7) refers to printf7.o(i._printf_core) for _printf_core
    printf7.o(i.__0vsnprintf$7) refers to printf7.o(i._snputc) for _snputc
    printf7.o(i.__0vsprintf$7) refers to printf7.o(i._printf_core) for _printf_core
    printf7.o(i.__0vsprintf$7) refers to printf7.o(i._sputc) for _sputc
    printf7.o(i._printf_core) refers to printf7.o(i._printf_pre_padding) for _printf_pre_padding
    printf7.o(i._printf_core) refers to uldiv.o(.text) for __aeabi_uldivmod
    printf7.o(i._printf_core) refers to printf7.o(i._printf_post_padding) for _printf_post_padding
    printf8.o(i.__0fprintf$8) refers to printf8.o(i._printf_core) for _printf_core
    printf8.o(i.__0fprintf$8) refers to usart.o(i.fputc) for fputc
    printf8.o(i.__0printf$8) refers to printf8.o(i._printf_core) for _printf_core
    printf8.o(i.__0printf$8) refers to usart.o(i.fputc) for fputc
    printf8.o(i.__0printf$8) refers to usart.o(.data) for __stdout
    printf8.o(i.__0snprintf$8) refers to printf8.o(i._printf_core) for _printf_core
    printf8.o(i.__0snprintf$8) refers to printf8.o(i._snputc) for _snputc
    printf8.o(i.__0sprintf$8) refers to printf8.o(i._printf_core) for _printf_core
    printf8.o(i.__0sprintf$8) refers to printf8.o(i._sputc) for _sputc
    printf8.o(i.__0vfprintf$8) refers to printf8.o(i._printf_core) for _printf_core
    printf8.o(i.__0vfprintf$8) refers to usart.o(i.fputc) for fputc
    printf8.o(i.__0vprintf$8) refers to printf8.o(i._printf_core) for _printf_core
    printf8.o(i.__0vprintf$8) refers to usart.o(i.fputc) for fputc
    printf8.o(i.__0vprintf$8) refers to usart.o(.data) for __stdout
    printf8.o(i.__0vsnprintf$8) refers to printf8.o(i._printf_core) for _printf_core
    printf8.o(i.__0vsnprintf$8) refers to printf8.o(i._snputc) for _snputc
    printf8.o(i.__0vsprintf$8) refers to printf8.o(i._printf_core) for _printf_core
    printf8.o(i.__0vsprintf$8) refers to printf8.o(i._sputc) for _sputc
    printf8.o(i._printf_core) refers to printf8.o(i._printf_pre_padding) for _printf_pre_padding
    printf8.o(i._printf_core) refers to uldiv.o(.text) for __aeabi_uldivmod
    printf8.o(i._printf_core) refers to printf8.o(i._printf_post_padding) for _printf_post_padding
    printfa.o(i.__0fprintf) refers (Special) to iusefp.o(.text) for __I$use$fp
    printfa.o(i.__0fprintf) refers to printfa.o(i._printf_core) for _printf_core
    printfa.o(i.__0fprintf) refers to usart.o(i.fputc) for fputc
    printfa.o(i.__0printf) refers (Special) to iusefp.o(.text) for __I$use$fp
    printfa.o(i.__0printf) refers to printfa.o(i._printf_core) for _printf_core
    printfa.o(i.__0printf) refers to usart.o(i.fputc) for fputc
    printfa.o(i.__0printf) refers to usart.o(.data) for __stdout
    printfa.o(i.__0snprintf) refers (Special) to iusefp.o(.text) for __I$use$fp
    printfa.o(i.__0snprintf) refers to printfa.o(i._printf_core) for _printf_core
    printfa.o(i.__0snprintf) refers to printfa.o(i._snputc) for _snputc
    printfa.o(i.__0sprintf) refers (Special) to iusefp.o(.text) for __I$use$fp
    printfa.o(i.__0sprintf) refers to printfa.o(i._printf_core) for _printf_core
    printfa.o(i.__0sprintf) refers to printfa.o(i._sputc) for _sputc
    printfa.o(i.__0vfprintf) refers (Special) to iusefp.o(.text) for __I$use$fp
    printfa.o(i.__0vfprintf) refers to printfa.o(i._printf_core) for _printf_core
    printfa.o(i.__0vfprintf) refers to usart.o(i.fputc) for fputc
    printfa.o(i.__0vprintf) refers (Special) to iusefp.o(.text) for __I$use$fp
    printfa.o(i.__0vprintf) refers to printfa.o(i._printf_core) for _printf_core
    printfa.o(i.__0vprintf) refers to usart.o(i.fputc) for fputc
    printfa.o(i.__0vprintf) refers to usart.o(.data) for __stdout
    printfa.o(i.__0vsnprintf) refers (Special) to iusefp.o(.text) for __I$use$fp
    printfa.o(i.__0vsnprintf) refers to printfa.o(i._printf_core) for _printf_core
    printfa.o(i.__0vsnprintf) refers to printfa.o(i._snputc) for _snputc
    printfa.o(i.__0vsprintf) refers (Special) to iusefp.o(.text) for __I$use$fp
    printfa.o(i.__0vsprintf) refers to printfa.o(i._printf_core) for _printf_core
    printfa.o(i.__0vsprintf) refers to printfa.o(i._sputc) for _sputc
    printfa.o(i._fp_digits) refers (Special) to iusefp.o(.text) for __I$use$fp
    printfa.o(i._fp_digits) refers to dmul.o(.text) for __aeabi_dmul
    printfa.o(i._fp_digits) refers to ddiv.o(.text) for __aeabi_ddiv
    printfa.o(i._fp_digits) refers to cdrcmple.o(.text) for __aeabi_cdrcmple
    printfa.o(i._fp_digits) refers to dadd.o(.text) for __aeabi_dadd
    printfa.o(i._fp_digits) refers to dfixul.o(.text) for __aeabi_d2ulz
    printfa.o(i._fp_digits) refers to uldiv.o(.text) for __aeabi_uldivmod
    printfa.o(i._printf_core) refers (Special) to iusefp.o(.text) for __I$use$fp
    printfa.o(i._printf_core) refers to printfa.o(i._printf_pre_padding) for _printf_pre_padding
    printfa.o(i._printf_core) refers to uldiv.o(.text) for __aeabi_uldivmod
    printfa.o(i._printf_core) refers to printfa.o(i._printf_post_padding) for _printf_post_padding
    printfa.o(i._printf_core) refers to printfa.o(i._fp_digits) for _fp_digits
    printfa.o(i._printf_core) refers to uidiv.o(.text) for __aeabi_uidivmod
    printfa.o(i._printf_post_padding) refers (Special) to iusefp.o(.text) for __I$use$fp
    printfa.o(i._printf_pre_padding) refers (Special) to iusefp.o(.text) for __I$use$fp
    printfa.o(i._snputc) refers (Special) to iusefp.o(.text) for __I$use$fp
    printfa.o(i._sputc) refers (Special) to iusefp.o(.text) for __I$use$fp
    entry2.o(.ARM.Collect$$$$00000001) refers to entry2.o(.ARM.Collect$$$$00002712) for __lit__00000000
    entry2.o(.ARM.Collect$$$$00002712) refers to startup_stm32f10x_md.o(STACK) for __initial_sp
    entry2.o(__vectab_stack_and_reset_area) refers to startup_stm32f10x_md.o(STACK) for __initial_sp
    entry2.o(__vectab_stack_and_reset_area) refers to entry.o(.ARM.Collect$$$$00000000) for __main
    entry5.o(.ARM.Collect$$$$00000004) refers to init.o(.text) for __scatterload
    entry9a.o(.ARM.Collect$$$$0000000B) refers to main.o(i.main) for main
    entry9b.o(.ARM.Collect$$$$0000000C) refers to main.o(i.main) for main
    uldiv.o(.text) refers to llushr.o(.text) for __aeabi_llsr
    uldiv.o(.text) refers to llshl.o(.text) for __aeabi_llsl
    dadd.o(.text) refers to llshl.o(.text) for __aeabi_llsl
    dadd.o(.text) refers to llsshr.o(.text) for __aeabi_lasr
    dadd.o(.text) refers to depilogue.o(.text) for _double_epilogue
    dmul.o(.text) refers to depilogue.o(.text) for _double_epilogue
    ddiv.o(.text) refers to depilogue.o(.text) for _double_round
    dfixul.o(.text) refers to llushr.o(.text) for __aeabi_llsr
    dfixul.o(.text) refers to llshl.o(.text) for __aeabi_llsl
    init.o(.text) refers to entry5.o(.ARM.Collect$$$$00000004) for __main_after_scatterload
    depilogue.o(.text) refers to llshl.o(.text) for __aeabi_llsl
    depilogue.o(.text) refers to llushr.o(.text) for __aeabi_llsr


==============================================================================

Removing Unused input sections from the image.

    Removing system_stm32f10x.o(i.SystemCoreClockUpdate), (164 bytes).
    Removing oled_iic.o(i.OLED_OFF), (22 bytes).
    Removing oled_iic.o(i.OLED_ON), (22 bytes).
    Removing oled_iic.o(i.OLED_data_up), (58 bytes).
    Removing oled_iic.o(i.OLED_time_up), (58 bytes).
    Removing oled_iic.o(i.show_first_interface), (10 bytes).
    Removing oled_iic.o(i.up_data), (10 bytes).
    Removing oled_iic.o(i.up_time), (10 bytes).
    Removing delay.o(i.delay_us), (76 bytes).
    Removing sys.o(.emb_text), (6 bytes).
    Removing sys.o(i.Ex_NVIC_Config), (160 bytes).
    Removing sys.o(i.INTX_DISABLE), (4 bytes).
    Removing sys.o(i.INTX_ENABLE), (4 bytes).
    Removing sys.o(i.JTAG_Set), (48 bytes).
    Removing sys.o(i.MYRCC_DeInit), (104 bytes).
    Removing sys.o(i.MY_NVIC_SetVectorTable), (20 bytes).
    Removing sys.o(i.Stm32_Clock_Init), (144 bytes).
    Removing sys.o(i.Sys_Soft_Reset), (16 bytes).
    Removing sys.o(i.Sys_Standby), (76 bytes).
    Removing sys.o(i.WFI_SET), (4 bytes).
    Removing usart.o(i._sys_exit), (4 bytes).
    Removing core_cm3.o(.emb_text), (32 bytes).
    Removing startup_stm32f10x_md.o(HEAP), (512 bytes).
    Removing stm32f10x_gpio.o(i.GPIO_AFIODeInit), (20 bytes).
    Removing stm32f10x_gpio.o(i.GPIO_DeInit), (200 bytes).
    Removing stm32f10x_gpio.o(i.GPIO_ETH_MediaInterfaceConfig), (12 bytes).
    Removing stm32f10x_gpio.o(i.GPIO_EXTILineConfig), (64 bytes).
    Removing stm32f10x_gpio.o(i.GPIO_EventOutputCmd), (12 bytes).
    Removing stm32f10x_gpio.o(i.GPIO_EventOutputConfig), (32 bytes).
    Removing stm32f10x_gpio.o(i.GPIO_PinLockConfig), (18 bytes).
    Removing stm32f10x_gpio.o(i.GPIO_PinRemapConfig), (144 bytes).
    Removing stm32f10x_gpio.o(i.GPIO_ReadInputData), (8 bytes).
    Removing stm32f10x_gpio.o(i.GPIO_ReadOutputData), (8 bytes).
    Removing stm32f10x_gpio.o(i.GPIO_ReadOutputDataBit), (18 bytes).
    Removing stm32f10x_gpio.o(i.GPIO_StructInit), (16 bytes).
    Removing stm32f10x_gpio.o(i.GPIO_Write), (4 bytes).
    Removing stm32f10x_gpio.o(i.GPIO_WriteBit), (10 bytes).
    Removing stm32f10x_rcc.o(i.RCC_ADCCLKConfig), (24 bytes).
    Removing stm32f10x_rcc.o(i.RCC_AHBPeriphClockCmd), (32 bytes).
    Removing stm32f10x_rcc.o(i.RCC_APB2PeriphResetCmd), (32 bytes).
    Removing stm32f10x_rcc.o(i.RCC_AdjustHSICalibrationValue), (24 bytes).
    Removing stm32f10x_rcc.o(i.RCC_BackupResetCmd), (12 bytes).
    Removing stm32f10x_rcc.o(i.RCC_ClearFlag), (20 bytes).
    Removing stm32f10x_rcc.o(i.RCC_ClearITPendingBit), (12 bytes).
    Removing stm32f10x_rcc.o(i.RCC_ClockSecuritySystemCmd), (12 bytes).
    Removing stm32f10x_rcc.o(i.RCC_DeInit), (76 bytes).
    Removing stm32f10x_rcc.o(i.RCC_GetFlagStatus), (60 bytes).
    Removing stm32f10x_rcc.o(i.RCC_GetITStatus), (24 bytes).
    Removing stm32f10x_rcc.o(i.RCC_GetSYSCLKSource), (16 bytes).
    Removing stm32f10x_rcc.o(i.RCC_HCLKConfig), (24 bytes).
    Removing stm32f10x_rcc.o(i.RCC_HSEConfig), (76 bytes).
    Removing stm32f10x_rcc.o(i.RCC_HSICmd), (12 bytes).
    Removing stm32f10x_rcc.o(i.RCC_ITConfig), (32 bytes).
    Removing stm32f10x_rcc.o(i.RCC_LSEConfig), (52 bytes).
    Removing stm32f10x_rcc.o(i.RCC_LSICmd), (12 bytes).
    Removing stm32f10x_rcc.o(i.RCC_MCOConfig), (12 bytes).
    Removing stm32f10x_rcc.o(i.RCC_PCLK1Config), (24 bytes).
    Removing stm32f10x_rcc.o(i.RCC_PCLK2Config), (24 bytes).
    Removing stm32f10x_rcc.o(i.RCC_PLLCmd), (12 bytes).
    Removing stm32f10x_rcc.o(i.RCC_PLLConfig), (28 bytes).
    Removing stm32f10x_rcc.o(i.RCC_RTCCLKCmd), (12 bytes).
    Removing stm32f10x_rcc.o(i.RCC_RTCCLKConfig), (16 bytes).
    Removing stm32f10x_rcc.o(i.RCC_SYSCLKConfig), (24 bytes).
    Removing stm32f10x_rcc.o(i.RCC_USBCLKConfig), (12 bytes).
    Removing stm32f10x_rcc.o(i.RCC_WaitForHSEStartUp), (56 bytes).
    Removing stm32f10x_usart.o(i.USART_ClearFlag), (18 bytes).
    Removing stm32f10x_usart.o(i.USART_ClearITPendingBit), (30 bytes).
    Removing stm32f10x_usart.o(i.USART_ClockInit), (34 bytes).
    Removing stm32f10x_usart.o(i.USART_ClockStructInit), (12 bytes).
    Removing stm32f10x_usart.o(i.USART_DMACmd), (18 bytes).
    Removing stm32f10x_usart.o(i.USART_DeInit), (156 bytes).
    Removing stm32f10x_usart.o(i.USART_GetFlagStatus), (26 bytes).
    Removing stm32f10x_usart.o(i.USART_HalfDuplexCmd), (24 bytes).
    Removing stm32f10x_usart.o(i.USART_IrDACmd), (24 bytes).
    Removing stm32f10x_usart.o(i.USART_IrDAConfig), (18 bytes).
    Removing stm32f10x_usart.o(i.USART_LINBreakDetectLengthConfig), (18 bytes).
    Removing stm32f10x_usart.o(i.USART_LINCmd), (24 bytes).
    Removing stm32f10x_usart.o(i.USART_OneBitMethodCmd), (24 bytes).
    Removing stm32f10x_usart.o(i.USART_OverSampling8Cmd), (22 bytes).
    Removing stm32f10x_usart.o(i.USART_ReceiverWakeUpCmd), (24 bytes).
    Removing stm32f10x_usart.o(i.USART_SendBreak), (10 bytes).
    Removing stm32f10x_usart.o(i.USART_SendData), (8 bytes).
    Removing stm32f10x_usart.o(i.USART_SetAddress), (18 bytes).
    Removing stm32f10x_usart.o(i.USART_SetGuardTime), (16 bytes).
    Removing stm32f10x_usart.o(i.USART_SetPrescaler), (16 bytes).
    Removing stm32f10x_usart.o(i.USART_SmartCardCmd), (24 bytes).
    Removing stm32f10x_usart.o(i.USART_SmartCardNACKCmd), (24 bytes).
    Removing stm32f10x_usart.o(i.USART_StructInit), (24 bytes).
    Removing stm32f10x_usart.o(i.USART_WakeUpConfig), (18 bytes).
    Removing misc.o(i.NVIC_SetVectorTable), (20 bytes).
    Removing misc.o(i.NVIC_SystemLPConfig), (32 bytes).
    Removing stm32f10x_exti.o(i.EXTI_ClearFlag), (12 bytes).
    Removing stm32f10x_exti.o(i.EXTI_ClearITPendingBit), (12 bytes).
    Removing stm32f10x_exti.o(i.EXTI_DeInit), (36 bytes).
    Removing stm32f10x_exti.o(i.EXTI_GenerateSWInterrupt), (16 bytes).
    Removing stm32f10x_exti.o(i.EXTI_GetFlagStatus), (24 bytes).
    Removing stm32f10x_exti.o(i.EXTI_GetITStatus), (40 bytes).
    Removing stm32f10x_exti.o(i.EXTI_Init), (148 bytes).
    Removing stm32f10x_exti.o(i.EXTI_StructInit), (16 bytes).
    Removing stm32f10x_tim.o(i.TI1_Config), (128 bytes).
    Removing stm32f10x_tim.o(i.TI2_Config), (152 bytes).
    Removing stm32f10x_tim.o(i.TI3_Config), (144 bytes).
    Removing stm32f10x_tim.o(i.TI4_Config), (152 bytes).
    Removing stm32f10x_tim.o(i.TIM_ARRPreloadConfig), (24 bytes).
    Removing stm32f10x_tim.o(i.TIM_BDTRConfig), (32 bytes).
    Removing stm32f10x_tim.o(i.TIM_BDTRStructInit), (18 bytes).
    Removing stm32f10x_tim.o(i.TIM_CCPreloadControl), (24 bytes).
    Removing stm32f10x_tim.o(i.TIM_CCxCmd), (30 bytes).
    Removing stm32f10x_tim.o(i.TIM_CCxNCmd), (30 bytes).
    Removing stm32f10x_tim.o(i.TIM_ClearFlag), (6 bytes).
    Removing stm32f10x_tim.o(i.TIM_ClearITPendingBit), (6 bytes).
    Removing stm32f10x_tim.o(i.TIM_ClearOC1Ref), (18 bytes).
    Removing stm32f10x_tim.o(i.TIM_ClearOC2Ref), (24 bytes).
    Removing stm32f10x_tim.o(i.TIM_ClearOC3Ref), (18 bytes).
    Removing stm32f10x_tim.o(i.TIM_ClearOC4Ref), (24 bytes).
    Removing stm32f10x_tim.o(i.TIM_Cmd), (24 bytes).
    Removing stm32f10x_tim.o(i.TIM_CounterModeConfig), (18 bytes).
    Removing stm32f10x_tim.o(i.TIM_CtrlPWMOutputs), (30 bytes).
    Removing stm32f10x_tim.o(i.TIM_DMACmd), (18 bytes).
    Removing stm32f10x_tim.o(i.TIM_DMAConfig), (10 bytes).
    Removing stm32f10x_tim.o(i.TIM_DeInit), (488 bytes).
    Removing stm32f10x_tim.o(i.TIM_ETRClockMode1Config), (54 bytes).
    Removing stm32f10x_tim.o(i.TIM_ETRClockMode2Config), (32 bytes).
    Removing stm32f10x_tim.o(i.TIM_ETRConfig), (28 bytes).
    Removing stm32f10x_tim.o(i.TIM_EncoderInterfaceConfig), (66 bytes).
    Removing stm32f10x_tim.o(i.TIM_ForcedOC1Config), (18 bytes).
    Removing stm32f10x_tim.o(i.TIM_ForcedOC2Config), (26 bytes).
    Removing stm32f10x_tim.o(i.TIM_ForcedOC3Config), (18 bytes).
    Removing stm32f10x_tim.o(i.TIM_ForcedOC4Config), (26 bytes).
    Removing stm32f10x_tim.o(i.TIM_GenerateEvent), (4 bytes).
    Removing stm32f10x_tim.o(i.TIM_GetCapture1), (6 bytes).
    Removing stm32f10x_tim.o(i.TIM_GetCapture2), (6 bytes).
    Removing stm32f10x_tim.o(i.TIM_GetCapture3), (6 bytes).
    Removing stm32f10x_tim.o(i.TIM_GetCapture4), (8 bytes).
    Removing stm32f10x_tim.o(i.TIM_GetCounter), (6 bytes).
    Removing stm32f10x_tim.o(i.TIM_GetFlagStatus), (18 bytes).
    Removing stm32f10x_tim.o(i.TIM_GetITStatus), (34 bytes).
    Removing stm32f10x_tim.o(i.TIM_GetPrescaler), (6 bytes).
    Removing stm32f10x_tim.o(i.TIM_ICInit), (172 bytes).
    Removing stm32f10x_tim.o(i.TIM_ICStructInit), (18 bytes).
    Removing stm32f10x_tim.o(i.TIM_ITConfig), (18 bytes).
    Removing stm32f10x_tim.o(i.TIM_ITRxExternalClockConfig), (24 bytes).
    Removing stm32f10x_tim.o(i.TIM_InternalClockConfig), (12 bytes).
    Removing stm32f10x_tim.o(i.TIM_OC1FastConfig), (18 bytes).
    Removing stm32f10x_tim.o(i.TIM_OC1Init), (152 bytes).
    Removing stm32f10x_tim.o(i.TIM_OC1NPolarityConfig), (18 bytes).
    Removing stm32f10x_tim.o(i.TIM_OC1PolarityConfig), (18 bytes).
    Removing stm32f10x_tim.o(i.TIM_OC1PreloadConfig), (18 bytes).
    Removing stm32f10x_tim.o(i.TIM_OC2FastConfig), (26 bytes).
    Removing stm32f10x_tim.o(i.TIM_OC2Init), (164 bytes).
    Removing stm32f10x_tim.o(i.TIM_OC2NPolarityConfig), (26 bytes).
    Removing stm32f10x_tim.o(i.TIM_OC2PolarityConfig), (26 bytes).
    Removing stm32f10x_tim.o(i.TIM_OC2PreloadConfig), (26 bytes).
    Removing stm32f10x_tim.o(i.TIM_OC3FastConfig), (18 bytes).
    Removing stm32f10x_tim.o(i.TIM_OC3Init), (160 bytes).
    Removing stm32f10x_tim.o(i.TIM_OC3NPolarityConfig), (26 bytes).
    Removing stm32f10x_tim.o(i.TIM_OC3PolarityConfig), (26 bytes).
    Removing stm32f10x_tim.o(i.TIM_OC3PreloadConfig), (18 bytes).
    Removing stm32f10x_tim.o(i.TIM_OC4FastConfig), (26 bytes).
    Removing stm32f10x_tim.o(i.TIM_OC4Init), (124 bytes).
    Removing stm32f10x_tim.o(i.TIM_OC4PolarityConfig), (26 bytes).
    Removing stm32f10x_tim.o(i.TIM_OC4PreloadConfig), (26 bytes).
    Removing stm32f10x_tim.o(i.TIM_OCStructInit), (20 bytes).
    Removing stm32f10x_tim.o(i.TIM_PWMIConfig), (124 bytes).
    Removing stm32f10x_tim.o(i.TIM_PrescalerConfig), (6 bytes).
    Removing stm32f10x_tim.o(i.TIM_SelectCCDMA), (24 bytes).
    Removing stm32f10x_tim.o(i.TIM_SelectCOM), (24 bytes).
    Removing stm32f10x_tim.o(i.TIM_SelectHallSensor), (24 bytes).
    Removing stm32f10x_tim.o(i.TIM_SelectInputTrigger), (18 bytes).
    Removing stm32f10x_tim.o(i.TIM_SelectMasterSlaveMode), (18 bytes).
    Removing stm32f10x_tim.o(i.TIM_SelectOCxM), (82 bytes).
    Removing stm32f10x_tim.o(i.TIM_SelectOnePulseMode), (18 bytes).
    Removing stm32f10x_tim.o(i.TIM_SelectOutputTrigger), (18 bytes).
    Removing stm32f10x_tim.o(i.TIM_SelectSlaveMode), (18 bytes).
    Removing stm32f10x_tim.o(i.TIM_SetAutoreload), (4 bytes).
    Removing stm32f10x_tim.o(i.TIM_SetClockDivision), (18 bytes).
    Removing stm32f10x_tim.o(i.TIM_SetCompare1), (4 bytes).
    Removing stm32f10x_tim.o(i.TIM_SetCompare2), (4 bytes).
    Removing stm32f10x_tim.o(i.TIM_SetCompare3), (4 bytes).
    Removing stm32f10x_tim.o(i.TIM_SetCompare4), (6 bytes).
    Removing stm32f10x_tim.o(i.TIM_SetCounter), (4 bytes).
    Removing stm32f10x_tim.o(i.TIM_SetIC1Prescaler), (18 bytes).
    Removing stm32f10x_tim.o(i.TIM_SetIC2Prescaler), (26 bytes).
    Removing stm32f10x_tim.o(i.TIM_SetIC3Prescaler), (18 bytes).
    Removing stm32f10x_tim.o(i.TIM_SetIC4Prescaler), (26 bytes).
    Removing stm32f10x_tim.o(i.TIM_TIxExternalClockConfig), (62 bytes).
    Removing stm32f10x_tim.o(i.TIM_TimeBaseInit), (164 bytes).
    Removing stm32f10x_tim.o(i.TIM_TimeBaseStructInit), (18 bytes).
    Removing stm32f10x_tim.o(i.TIM_UpdateDisableConfig), (24 bytes).
    Removing stm32f10x_tim.o(i.TIM_UpdateRequestConfig), (24 bytes).
    Removing stm32f10x_adc.o(i.ADC_AnalogWatchdogCmd), (20 bytes).
    Removing stm32f10x_adc.o(i.ADC_AnalogWatchdogSingleChannelConfig), (16 bytes).
    Removing stm32f10x_adc.o(i.ADC_AnalogWatchdogThresholdsConfig), (6 bytes).
    Removing stm32f10x_adc.o(i.ADC_AutoInjectedConvCmd), (22 bytes).
    Removing stm32f10x_adc.o(i.ADC_ClearFlag), (6 bytes).
    Removing stm32f10x_adc.o(i.ADC_ClearITPendingBit), (10 bytes).
    Removing stm32f10x_adc.o(i.ADC_Cmd), (22 bytes).
    Removing stm32f10x_adc.o(i.ADC_DMACmd), (22 bytes).
    Removing stm32f10x_adc.o(i.ADC_DeInit), (92 bytes).
    Removing stm32f10x_adc.o(i.ADC_DiscModeChannelCountConfig), (24 bytes).
    Removing stm32f10x_adc.o(i.ADC_DiscModeCmd), (22 bytes).
    Removing stm32f10x_adc.o(i.ADC_ExternalTrigConvCmd), (22 bytes).
    Removing stm32f10x_adc.o(i.ADC_ExternalTrigInjectedConvCmd), (22 bytes).
    Removing stm32f10x_adc.o(i.ADC_ExternalTrigInjectedConvConfig), (16 bytes).
    Removing stm32f10x_adc.o(i.ADC_GetCalibrationStatus), (20 bytes).
    Removing stm32f10x_adc.o(i.ADC_GetConversionValue), (8 bytes).
    Removing stm32f10x_adc.o(i.ADC_GetDualModeConversionValue), (12 bytes).
    Removing stm32f10x_adc.o(i.ADC_GetFlagStatus), (18 bytes).
    Removing stm32f10x_adc.o(i.ADC_GetITStatus), (36 bytes).
    Removing stm32f10x_adc.o(i.ADC_GetInjectedConversionValue), (28 bytes).
    Removing stm32f10x_adc.o(i.ADC_GetResetCalibrationStatus), (20 bytes).
    Removing stm32f10x_adc.o(i.ADC_GetSoftwareStartConvStatus), (20 bytes).
    Removing stm32f10x_adc.o(i.ADC_GetSoftwareStartInjectedConvCmdStatus), (20 bytes).
    Removing stm32f10x_adc.o(i.ADC_ITConfig), (24 bytes).
    Removing stm32f10x_adc.o(i.ADC_Init), (80 bytes).
    Removing stm32f10x_adc.o(i.ADC_InjectedChannelConfig), (130 bytes).
    Removing stm32f10x_adc.o(i.ADC_InjectedDiscModeCmd), (22 bytes).
    Removing stm32f10x_adc.o(i.ADC_InjectedSequencerLengthConfig), (24 bytes).
    Removing stm32f10x_adc.o(i.ADC_RegularChannelConfig), (184 bytes).
    Removing stm32f10x_adc.o(i.ADC_ResetCalibration), (10 bytes).
    Removing stm32f10x_adc.o(i.ADC_SetInjectedOffset), (20 bytes).
    Removing stm32f10x_adc.o(i.ADC_SoftwareStartConvCmd), (22 bytes).
    Removing stm32f10x_adc.o(i.ADC_SoftwareStartInjectedConvCmd), (22 bytes).
    Removing stm32f10x_adc.o(i.ADC_StartCalibration), (10 bytes).
    Removing stm32f10x_adc.o(i.ADC_StructInit), (18 bytes).
    Removing stm32f10x_adc.o(i.ADC_TempSensorVrefintCmd), (36 bytes).
    Removing stm32f10x_dma.o(i.DMA_ClearFlag), (28 bytes).
    Removing stm32f10x_dma.o(i.DMA_ClearITPendingBit), (28 bytes).
    Removing stm32f10x_dma.o(i.DMA_Cmd), (24 bytes).
    Removing stm32f10x_dma.o(i.DMA_DeInit), (332 bytes).
    Removing stm32f10x_dma.o(i.DMA_GetCurrDataCounter), (8 bytes).
    Removing stm32f10x_dma.o(i.DMA_GetFlagStatus), (44 bytes).
    Removing stm32f10x_dma.o(i.DMA_GetITStatus), (44 bytes).
    Removing stm32f10x_dma.o(i.DMA_ITConfig), (18 bytes).
    Removing stm32f10x_dma.o(i.DMA_Init), (60 bytes).
    Removing stm32f10x_dma.o(i.DMA_SetCurrDataCounter), (4 bytes).
    Removing stm32f10x_dma.o(i.DMA_StructInit), (26 bytes).
    Removing stm32f10x_i2c.o(i.I2C_ARPCmd), (24 bytes).
    Removing stm32f10x_i2c.o(i.I2C_AcknowledgeConfig), (24 bytes).
    Removing stm32f10x_i2c.o(i.I2C_CalculatePEC), (24 bytes).
    Removing stm32f10x_i2c.o(i.I2C_ClearFlag), (12 bytes).
    Removing stm32f10x_i2c.o(i.I2C_ClearITPendingBit), (12 bytes).
    Removing stm32f10x_i2c.o(i.I2C_DMACmd), (24 bytes).
    Removing stm32f10x_i2c.o(i.I2C_DMALastTransferCmd), (24 bytes).
    Removing stm32f10x_i2c.o(i.I2C_DualAddressCmd), (24 bytes).
    Removing stm32f10x_i2c.o(i.I2C_FastModeDutyCycleConfig), (28 bytes).
    Removing stm32f10x_i2c.o(i.I2C_GeneralCallCmd), (24 bytes).
    Removing stm32f10x_i2c.o(i.I2C_GetITStatus), (38 bytes).
    Removing stm32f10x_i2c.o(i.I2C_GetLastEvent), (26 bytes).
    Removing stm32f10x_i2c.o(i.I2C_GetPEC), (8 bytes).
    Removing stm32f10x_i2c.o(i.I2C_ITConfig), (18 bytes).
    Removing stm32f10x_i2c.o(i.I2C_NACKPositionConfig), (28 bytes).
    Removing stm32f10x_i2c.o(i.I2C_OwnAddress2Config), (22 bytes).
    Removing stm32f10x_i2c.o(i.I2C_PECPositionConfig), (28 bytes).
    Removing stm32f10x_i2c.o(i.I2C_ReadRegister), (22 bytes).
    Removing stm32f10x_i2c.o(i.I2C_ReceiveData), (8 bytes).
    Removing stm32f10x_i2c.o(i.I2C_SMBusAlertConfig), (28 bytes).
    Removing stm32f10x_i2c.o(i.I2C_SoftwareResetCmd), (22 bytes).
    Removing stm32f10x_i2c.o(i.I2C_StretchClockCmd), (24 bytes).
    Removing stm32f10x_i2c.o(i.I2C_StructInit), (30 bytes).
    Removing stm32f10x_i2c.o(i.I2C_TransmitPEC), (24 bytes).
    Removing dadd.o(.text), (334 bytes).
    Removing dmul.o(.text), (228 bytes).
    Removing ddiv.o(.text), (222 bytes).
    Removing dfixul.o(.text), (48 bytes).
    Removing cdrcmple.o(.text), (48 bytes).
    Removing depilogue.o(.text), (186 bytes).

267 unused section(s) (total 11006 bytes) removed from the image.

==============================================================================

Image Symbol Table

    Local Symbols

    Symbol Name                              Value     Ov Type        Size  Object(Section)

    ../clib/../cmprslib/zerorunl2.c          0x00000000   Number         0  __dczerorl2.o ABSOLUTE
    ../clib/microlib/division.c              0x00000000   Number         0  uidiv.o ABSOLUTE
    ../clib/microlib/division.c              0x00000000   Number         0  uldiv.o ABSOLUTE
    ../clib/microlib/init/entry.s            0x00000000   Number         0  entry10a.o ABSOLUTE
    ../clib/microlib/init/entry.s            0x00000000   Number         0  entry2.o ABSOLUTE
    ../clib/microlib/init/entry.s            0x00000000   Number         0  entry5.o ABSOLUTE
    ../clib/microlib/init/entry.s            0x00000000   Number         0  entry11a.o ABSOLUTE
    ../clib/microlib/init/entry.s            0x00000000   Number         0  entry9b.o ABSOLUTE
    ../clib/microlib/init/entry.s            0x00000000   Number         0  entry9a.o ABSOLUTE
    ../clib/microlib/init/entry.s            0x00000000   Number         0  entry7a.o ABSOLUTE
    ../clib/microlib/init/entry.s            0x00000000   Number         0  entry7b.o ABSOLUTE
    ../clib/microlib/init/entry.s            0x00000000   Number         0  entry10b.o ABSOLUTE
    ../clib/microlib/init/entry.s            0x00000000   Number         0  entry.o ABSOLUTE
    ../clib/microlib/init/entry.s            0x00000000   Number         0  entry8a.o ABSOLUTE
    ../clib/microlib/init/entry.s            0x00000000   Number         0  entry8b.o ABSOLUTE
    ../clib/microlib/init/entry.s            0x00000000   Number         0  entry11b.o ABSOLUTE
    ../clib/microlib/longlong.c              0x00000000   Number         0  llshl.o ABSOLUTE
    ../clib/microlib/longlong.c              0x00000000   Number         0  llsshr.o ABSOLUTE
    ../clib/microlib/longlong.c              0x00000000   Number         0  llushr.o ABSOLUTE
    ../clib/microlib/printf/printf.c         0x00000000   Number         0  printf8.o ABSOLUTE
    ../clib/microlib/printf/printf.c         0x00000000   Number         0  printfb.o ABSOLUTE
    ../clib/microlib/printf/printf.c         0x00000000   Number         0  printf4.o ABSOLUTE
    ../clib/microlib/printf/printf.c         0x00000000   Number         0  printf0.o ABSOLUTE
    ../clib/microlib/printf/printf.c         0x00000000   Number         0  printf7.o ABSOLUTE
    ../clib/microlib/printf/printf.c         0x00000000   Number         0  printf6.o ABSOLUTE
    ../clib/microlib/printf/printf.c         0x00000000   Number         0  printf5.o ABSOLUTE
    ../clib/microlib/printf/printf.c         0x00000000   Number         0  printfa.o ABSOLUTE
    ../clib/microlib/printf/printf.c         0x00000000   Number         0  printf3.o ABSOLUTE
    ../clib/microlib/printf/printf.c         0x00000000   Number         0  printf2.o ABSOLUTE
    ../clib/microlib/printf/printf.c         0x00000000   Number         0  printf1.o ABSOLUTE
    ../clib/microlib/printf/stubs.s          0x00000000   Number         0  stubs.o ABSOLUTE
    ../clib/microlib/string/memcpy.c         0x00000000   Number         0  memcpya.o ABSOLUTE
    ../clib/microlib/string/memcpy.c         0x00000000   Number         0  memcpyb.o ABSOLUTE
    ../clib/microlib/stubs.s                 0x00000000   Number         0  useno.o ABSOLUTE
    ../clib/microlib/stubs.s                 0x00000000   Number         0  iusefp.o ABSOLUTE
    ../fplib/microlib/fpadd.c                0x00000000   Number         0  dadd.o ABSOLUTE
    ../fplib/microlib/fpdiv.c                0x00000000   Number         0  ddiv.o ABSOLUTE
    ../fplib/microlib/fpepilogue.c           0x00000000   Number         0  depilogue.o ABSOLUTE
    ../fplib/microlib/fpfix.c                0x00000000   Number         0  dfixul.o ABSOLUTE
    ../fplib/microlib/fpmul.c                0x00000000   Number         0  dmul.o ABSOLUTE
    ..\CORE\core_cm3.c                       0x00000000   Number         0  core_cm3.o ABSOLUTE
    ..\CORE\startup_stm32f10x_md.s           0x00000000   Number         0  startup_stm32f10x_md.o ABSOLUTE
    ..\HARDWARE\KEY\key.c                    0x00000000   Number         0  key.o ABSOLUTE
    ..\HARDWARE\KEY\key_scan.c               0x00000000   Number         0  key_scan.o ABSOLUTE
    ..\HARDWARE\OLED\menu.c                  0x00000000   Number         0  menu.o ABSOLUTE
    ..\HARDWARE\OLED\oled_iic.c              0x00000000   Number         0  oled_iic.o ABSOLUTE
    ..\HARDWARE\TIMER\timer.c                0x00000000   Number         0  timer.o ABSOLUTE
    ..\STM32F10x_FWLib\src\misc.c            0x00000000   Number         0  misc.o ABSOLUTE
    ..\STM32F10x_FWLib\src\stm32f10x_adc.c   0x00000000   Number         0  stm32f10x_adc.o ABSOLUTE
    ..\STM32F10x_FWLib\src\stm32f10x_dma.c   0x00000000   Number         0  stm32f10x_dma.o ABSOLUTE
    ..\STM32F10x_FWLib\src\stm32f10x_exti.c  0x00000000   Number         0  stm32f10x_exti.o ABSOLUTE
    ..\STM32F10x_FWLib\src\stm32f10x_gpio.c  0x00000000   Number         0  stm32f10x_gpio.o ABSOLUTE
    ..\STM32F10x_FWLib\src\stm32f10x_i2c.c   0x00000000   Number         0  stm32f10x_i2c.o ABSOLUTE
    ..\STM32F10x_FWLib\src\stm32f10x_rcc.c   0x00000000   Number         0  stm32f10x_rcc.o ABSOLUTE
    ..\STM32F10x_FWLib\src\stm32f10x_tim.c   0x00000000   Number         0  stm32f10x_tim.o ABSOLUTE
    ..\STM32F10x_FWLib\src\stm32f10x_usart.c 0x00000000   Number         0  stm32f10x_usart.o ABSOLUTE
    ..\SYSTEM\delay\delay.c                  0x00000000   Number         0  delay.o ABSOLUTE
    ..\SYSTEM\sys\sys.c                      0x00000000   Number         0  sys.o ABSOLUTE
    ..\SYSTEM\usart\usart.c                  0x00000000   Number         0  usart.o ABSOLUTE
    ..\\CORE\\core_cm3.c                     0x00000000   Number         0  core_cm3.o ABSOLUTE
    ..\\SYSTEM\\sys\\sys.c                   0x00000000   Number         0  sys.o ABSOLUTE
    cdrcmple.s                               0x00000000   Number         0  cdrcmple.o ABSOLUTE
    dc.s                                     0x00000000   Number         0  dc.o ABSOLUTE
    handlers.s                               0x00000000   Number         0  handlers.o ABSOLUTE
    init.s                                   0x00000000   Number         0  init.o ABSOLUTE
    main.c                                   0x00000000   Number         0  main.o ABSOLUTE
    stm32f10x_it.c                           0x00000000   Number         0  stm32f10x_it.o ABSOLUTE
    system_stm32f10x.c                       0x00000000   Number         0  system_stm32f10x.o ABSOLUTE
    RESET                                    0x08000000   Section      236  startup_stm32f10x_md.o(RESET)
    .ARM.Collect$$$$00000000                 0x080000ec   Section        0  entry.o(.ARM.Collect$$$$00000000)
    .ARM.Collect$$$$00000001                 0x080000ec   Section        4  entry2.o(.ARM.Collect$$$$00000001)
    .ARM.Collect$$$$00000004                 0x080000f0   Section        4  entry5.o(.ARM.Collect$$$$00000004)
    .ARM.Collect$$$$00000008                 0x080000f4   Section        0  entry7b.o(.ARM.Collect$$$$00000008)
    .ARM.Collect$$$$0000000A                 0x080000f4   Section        0  entry8b.o(.ARM.Collect$$$$0000000A)
    .ARM.Collect$$$$0000000B                 0x080000f4   Section        8  entry9a.o(.ARM.Collect$$$$0000000B)
    .ARM.Collect$$$$0000000D                 0x080000fc   Section        0  entry10a.o(.ARM.Collect$$$$0000000D)
    .ARM.Collect$$$$0000000F                 0x080000fc   Section        0  entry11a.o(.ARM.Collect$$$$0000000F)
    .ARM.Collect$$$$00002712                 0x080000fc   Section        4  entry2.o(.ARM.Collect$$$$00002712)
    __lit__00000000                          0x080000fc   Data           4  entry2.o(.ARM.Collect$$$$00002712)
    .text                                    0x08000100   Section       36  startup_stm32f10x_md.o(.text)
    .text                                    0x08000124   Section        0  memcpya.o(.text)
    .text                                    0x08000148   Section        0  uidiv.o(.text)
    .text                                    0x08000174   Section       36  init.o(.text)
    .text                                    0x08000198   Section        0  __dczerorl2.o(.text)
    i.All_Key_Task                           0x080001ee   Section        0  key.o(i.All_Key_Task)
    i.BusFault_Handler                       0x08000232   Section        0  stm32f10x_it.o(i.BusFault_Handler)
    i.DebugMon_Handler                       0x08000236   Section        0  stm32f10x_it.o(i.DebugMon_Handler)
    i.GPIO_Init                              0x08000238   Section        0  stm32f10x_gpio.o(i.GPIO_Init)
    i.GPIO_ReadInputDataBit                  0x0800034e   Section        0  stm32f10x_gpio.o(i.GPIO_ReadInputDataBit)
    i.GPIO_ResetBits                         0x08000360   Section        0  stm32f10x_gpio.o(i.GPIO_ResetBits)
    i.GPIO_SetBits                           0x08000364   Section        0  stm32f10x_gpio.o(i.GPIO_SetBits)
    i.Get_Serial_Data                        0x08000368   Section        0  usart.o(i.Get_Serial_Data)
    i.HardFault_Handler                      0x080003a8   Section        0  stm32f10x_it.o(i.HardFault_Handler)
    i.I2C_CheckEvent                         0x080003ac   Section        0  stm32f10x_i2c.o(i.I2C_CheckEvent)
    i.I2C_Cmd                                0x080003d6   Section        0  stm32f10x_i2c.o(i.I2C_Cmd)
    i.I2C_Configuration                      0x080003f0   Section        0  oled_iic.o(i.I2C_Configuration)
    i.I2C_DeInit                             0x0800046c   Section        0  stm32f10x_i2c.o(i.I2C_DeInit)
    i.I2C_GenerateSTART                      0x080004a4   Section        0  stm32f10x_i2c.o(i.I2C_GenerateSTART)
    i.I2C_GenerateSTOP                       0x080004bc   Section        0  stm32f10x_i2c.o(i.I2C_GenerateSTOP)
    i.I2C_GetFlagStatus                      0x080004d4   Section        0  stm32f10x_i2c.o(i.I2C_GetFlagStatus)
    i.I2C_Init                               0x08000510   Section        0  stm32f10x_i2c.o(i.I2C_Init)
    i.I2C_Send7bitAddress                    0x080005fc   Section        0  stm32f10x_i2c.o(i.I2C_Send7bitAddress)
    i.I2C_SendData                           0x0800060e   Section        0  stm32f10x_i2c.o(i.I2C_SendData)
    i.I2C_WriteByte                          0x08000614   Section        0  oled_iic.o(i.I2C_WriteByte)
    i.INTERFACE_Statment                     0x080006a0   Section        0  menu.o(i.INTERFACE_Statment)
    i.KEY_4X4_Scan                           0x080006f8   Section        0  key.o(i.KEY_4X4_Scan)
    i.KEY_4X4_init                           0x08000bbc   Section        0  key.o(i.KEY_4X4_init)
    i.Key10_Task                             0x08000bfc   Section        0  key.o(i.Key10_Task)
    i.Key11_Task                             0x08000c10   Section        0  key.o(i.Key11_Task)
    i.Key12_Task                             0x08000c24   Section        0  key.o(i.Key12_Task)
    i.Key13_Task                             0x08000c38   Section        0  key.o(i.Key13_Task)
    i.Key14_Task                             0x08000c4c   Section        0  key.o(i.Key14_Task)
    i.Key15_Task                             0x08000c60   Section        0  key.o(i.Key15_Task)
    i.Key16_Task                             0x08000c74   Section        0  key.o(i.Key16_Task)
    i.Key1_Task                              0x08000c88   Section        0  key.o(i.Key1_Task)
    i.Key2_Task                              0x08000ca0   Section        0  key.o(i.Key2_Task)
    i.Key3_Task                              0x08000cb8   Section        0  key.o(i.Key3_Task)
    i.Key4_Task                              0x08000cd0   Section        0  key.o(i.Key4_Task)
    i.Key5_Task                              0x08000ce4   Section        0  key.o(i.Key5_Task)
    i.Key6_Task                              0x08000cf8   Section        0  key.o(i.Key6_Task)
    i.Key7_Task                              0x08000d14   Section        0  key.o(i.Key7_Task)
    i.Key8_Task                              0x08000d28   Section        0  key.o(i.Key8_Task)
    i.Key9_Task                              0x08000d3c   Section        0  key.o(i.Key9_Task)
    i.Key_Scan                               0x08000d50   Section        0  key.o(i.Key_Scan)
    i.MY_NVIC_Init                           0x08000e90   Section        0  sys.o(i.MY_NVIC_Init)
    i.MY_NVIC_PriorityGroupConfig            0x08000f08   Section        0  sys.o(i.MY_NVIC_PriorityGroupConfig)
    i.MemManage_Handler                      0x08000f30   Section        0  stm32f10x_it.o(i.MemManage_Handler)
    i.Menu_Key_Down                          0x08000f34   Section        0  menu.o(i.Menu_Key_Down)
    i.Menu_Key_Enter                         0x08000f68   Section        0  menu.o(i.Menu_Key_Enter)
    i.Menu_Key_Return                        0x08000fb0   Section        0  menu.o(i.Menu_Key_Return)
    i.Menu_Key_Up                            0x08001028   Section        0  menu.o(i.Menu_Key_Up)
    i.Mision_1ms                             0x0800105c   Section        0  timer.o(i.Mision_1ms)
    i.NMI_Handler                            0x080010fc   Section        0  stm32f10x_it.o(i.NMI_Handler)
    i.NVIC_Init                              0x08001100   Section        0  misc.o(i.NVIC_Init)
    i.NVIC_PriorityGroupConfig               0x08001170   Section        0  misc.o(i.NVIC_PriorityGroupConfig)
    i.OLED_CLS                               0x08001184   Section        0  oled_iic.o(i.OLED_CLS)
    i.OLED_DrawBMP                           0x0800118e   Section        0  oled_iic.o(i.OLED_DrawBMP)
    i.OLED_Fill                              0x08001202   Section        0  oled_iic.o(i.OLED_Fill)
    i.OLED_Init                              0x0800123c   Section        0  oled_iic.o(i.OLED_Init)
    i.OLED_SetPos                            0x080012f2   Section        0  oled_iic.o(i.OLED_SetPos)
    i.OLED_ShowCN                            0x0800131c   Section        0  oled_iic.o(i.OLED_ShowCN)
    i.OLED_ShowStr                           0x08001370   Section        0  oled_iic.o(i.OLED_ShowStr)
    i.PendSV_Handler                         0x0800145c   Section        0  stm32f10x_it.o(i.PendSV_Handler)
    i.RCC_APB1PeriphClockCmd                 0x08001460   Section        0  stm32f10x_rcc.o(i.RCC_APB1PeriphClockCmd)
    i.RCC_APB1PeriphResetCmd                 0x08001480   Section        0  stm32f10x_rcc.o(i.RCC_APB1PeriphResetCmd)
    i.RCC_APB2PeriphClockCmd                 0x080014a0   Section        0  stm32f10x_rcc.o(i.RCC_APB2PeriphClockCmd)
    i.RCC_GetClocksFreq                      0x080014c0   Section        0  stm32f10x_rcc.o(i.RCC_GetClocksFreq)
    i.SVC_Handler                            0x08001594   Section        0  stm32f10x_it.o(i.SVC_Handler)
    i.SetSysClock                            0x08001596   Section        0  system_stm32f10x.o(i.SetSysClock)
    SetSysClock                              0x08001597   Thumb Code     8  system_stm32f10x.o(i.SetSysClock)
    i.SetSysClockTo72                        0x080015a0   Section        0  system_stm32f10x.o(i.SetSysClockTo72)
    SetSysClockTo72                          0x080015a1   Thumb Code   214  system_stm32f10x.o(i.SetSysClockTo72)
    i.SysTick_CLKSourceConfig                0x08001680   Section        0  misc.o(i.SysTick_CLKSourceConfig)
    i.SysTick_Handler                        0x080016a8   Section        0  stm32f10x_it.o(i.SysTick_Handler)
    i.SystemInit                             0x080016ac   Section        0  system_stm32f10x.o(i.SystemInit)
    i.TIM3_IRQHandler                        0x0800170c   Section        0  timer.o(i.TIM3_IRQHandler)
    i.TIM3_init                              0x080017ec   Section        0  timer.o(i.TIM3_init)
    i.USART1_IRQHandler                      0x0800183c   Section        0  usart.o(i.USART1_IRQHandler)
    i.USART_Cmd                              0x080018c4   Section        0  stm32f10x_usart.o(i.USART_Cmd)
    i.USART_GetITStatus                      0x080018dc   Section        0  stm32f10x_usart.o(i.USART_GetITStatus)
    i.USART_ITConfig                         0x08001930   Section        0  stm32f10x_usart.o(i.USART_ITConfig)
    i.USART_Init                             0x0800197c   Section        0  stm32f10x_usart.o(i.USART_Init)
    i.USART_ReceiveData                      0x08001a54   Section        0  stm32f10x_usart.o(i.USART_ReceiveData)
    i.UsageFault_Handler                     0x08001a5e   Section        0  stm32f10x_it.o(i.UsageFault_Handler)
    i.WriteCmd                               0x08001a62   Section        0  oled_iic.o(i.WriteCmd)
    i.WriteDat                               0x08001a70   Section        0  oled_iic.o(i.WriteDat)
    i.__0printf$1                            0x08001a80   Section        0  printf1.o(i.__0printf$1)
    i.__0sprintf$1                           0x08001aa0   Section        0  printf1.o(i.__0sprintf$1)
    i.__scatterload_copy                     0x08001ac8   Section       14  handlers.o(i.__scatterload_copy)
    i.__scatterload_null                     0x08001ad6   Section        2  handlers.o(i.__scatterload_null)
    i.__scatterload_zeroinit                 0x08001ad8   Section       14  handlers.o(i.__scatterload_zeroinit)
    i._printf_core                           0x08001ae8   Section        0  printf1.o(i._printf_core)
    _printf_core                             0x08001ae9   Thumb Code   336  printf1.o(i._printf_core)
    i._sputc                                 0x08001c3c   Section        0  printf1.o(i._sputc)
    _sputc                                   0x08001c3d   Thumb Code    10  printf1.o(i._sputc)
    i.delayMs                                0x08001c46   Section        0  key.o(i.delayMs)
    i.delay_init                             0x08001c60   Section        0  delay.o(i.delay_init)
    i.delay_ms                               0x08001ca4   Section        0  delay.o(i.delay_ms)
    i.fputc                                  0x08001cf0   Section        0  usart.o(i.fputc)
    i.main                                   0x08001d0c   Section        0  main.o(i.main)
    i.show_UI                                0x08001d90   Section        0  oled_iic.o(i.show_UI)
    i.show_all_test                          0x08001dac   Section        0  oled_iic.o(i.show_all_test)
    i.show_bmp                               0x08001e90   Section        0  oled_iic.o(i.show_bmp)
    i.show_chosen_all                        0x08001eb4   Section        0  oled_iic.o(i.show_chosen_all)
    i.show_chosen_current                    0x08001ef8   Section        0  oled_iic.o(i.show_chosen_current)
    i.show_chosen_rotation                   0x08001f3c   Section        0  oled_iic.o(i.show_chosen_rotation)
    i.show_current_test                      0x08001f80   Section        0  oled_iic.o(i.show_current_test)
    i.show_menu                              0x080020b0   Section        0  oled_iic.o(i.show_menu)
    i.show_rotation_test                     0x080021a4   Section        0  oled_iic.o(i.show_rotation_test)
    i.uart_init                              0x080022b8   Section        0  usart.o(i.uart_init)
    .constdata                               0x08002358   Section     2428  oled_iic.o(.constdata)
    .data                                    0x20000000   Section        5  main.o(.data)
    .data                                    0x20000008   Section       20  system_stm32f10x.o(.data)
    .data                                    0x2000001c   Section        1  menu.o(.data)
    .data                                    0x2000001d   Section     1574  oled_iic.o(.data)
    .data                                    0x20000644   Section       34  timer.o(.data)
    cnt_10ms                                 0x2000065f   Data           1  timer.o(.data)
    cnt_200ms                                0x20000660   Data           1  timer.o(.data)
    cnt_500ms                                0x20000662   Data           2  timer.o(.data)
    cnt_100ms                                0x20000664   Data           1  timer.o(.data)
    cnt_1s                                   0x20000665   Data           1  timer.o(.data)
    .data                                    0x20000666   Section        4  delay.o(.data)
    fac_us                                   0x20000666   Data           1  delay.o(.data)
    fac_ms                                   0x20000668   Data           2  delay.o(.data)
    .data                                    0x2000066c   Section        6  usart.o(.data)
    .data                                    0x20000672   Section       32  key.o(.data)
    key1_up                                  0x20000682   Data           1  key.o(.data)
    key2_up                                  0x20000683   Data           1  key.o(.data)
    key3_up                                  0x20000684   Data           1  key.o(.data)
    key4_up                                  0x20000685   Data           1  key.o(.data)
    key5_up                                  0x20000686   Data           1  key.o(.data)
    key6_up                                  0x20000687   Data           1  key.o(.data)
    key7_up                                  0x20000688   Data           1  key.o(.data)
    key8_up                                  0x20000689   Data           1  key.o(.data)
    key9_up                                  0x2000068a   Data           1  key.o(.data)
    key10_up                                 0x2000068b   Data           1  key.o(.data)
    key11_up                                 0x2000068c   Data           1  key.o(.data)
    key12_up                                 0x2000068d   Data           1  key.o(.data)
    key13_up                                 0x2000068e   Data           1  key.o(.data)
    key14_up                                 0x2000068f   Data           1  key.o(.data)
    key15_up                                 0x20000690   Data           1  key.o(.data)
    key16_up                                 0x20000691   Data           1  key.o(.data)
    .data                                    0x20000692   Section       20  stm32f10x_rcc.o(.data)
    APBAHBPrescTable                         0x20000692   Data          16  stm32f10x_rcc.o(.data)
    ADCPrescTable                            0x200006a2   Data           4  stm32f10x_rcc.o(.data)
    .bss                                     0x200006a8   Section      240  usart.o(.bss)
    STACK                                    0x20000798   Section     1024  startup_stm32f10x_md.o(STACK)

    Global Symbols

    Symbol Name                              Value     Ov Type        Size  Object(Section)

    BuildAttributes$$THM_ISAv4$P$D$K$B$S$PE$A:L22UL41UL21$X:L11$S22US41US21$IEEE1$IW$USESV6$~STKCKD$USESV7$~SHL$OSPACE$ROPI$EBA8$MICROLIB$REQ8$PRES8$EABIv2 0x00000000   Number         0  anon$$obj.o ABSOLUTE
    __ARM_use_no_argv                        0x00000000   Number         0  main.o ABSOLUTE
    __use_no_errno                           0x00000000   Number         0  useno.o ABSOLUTE
    __use_no_exception_handling              0x00000000   Number         0  useno.o ABSOLUTE
    __use_no_fp                              0x00000000   Number         0  useno.o ABSOLUTE
    __use_no_heap                            0x00000000   Number         0  useno.o ABSOLUTE
    __use_no_heap_region                     0x00000000   Number         0  useno.o ABSOLUTE
    __use_no_semihosting                     0x00000000   Number         0  useno.o ABSOLUTE
    __use_no_semihosting_swi                 0x00000000   Number         0  useno.o ABSOLUTE
    __use_no_signal_handling                 0x00000000   Number         0  useno.o ABSOLUTE
    _printf_a                                0x00000000   Number         0  stubs.o ABSOLUTE
    _printf_c                                0x00000000   Number         0  stubs.o ABSOLUTE
    _printf_charcount                        0x00000000   Number         0  stubs.o ABSOLUTE
    _printf_d                                0x00000000   Number         0  stubs.o ABSOLUTE
    _printf_e                                0x00000000   Number         0  stubs.o ABSOLUTE
    _printf_f                                0x00000000   Number         0  stubs.o ABSOLUTE
    _printf_flags                            0x00000000   Number         0  stubs.o ABSOLUTE
    _printf_fp_dec                           0x00000000   Number         0  stubs.o ABSOLUTE
    _printf_fp_hex                           0x00000000   Number         0  stubs.o ABSOLUTE
    _printf_g                                0x00000000   Number         0  stubs.o ABSOLUTE
    _printf_i                                0x00000000   Number         0  stubs.o ABSOLUTE
    _printf_int_dec                          0x00000000   Number         0  stubs.o ABSOLUTE
    _printf_l                                0x00000000   Number         0  stubs.o ABSOLUTE
    _printf_lc                               0x00000000   Number         0  stubs.o ABSOLUTE
    _printf_ll                               0x00000000   Number         0  stubs.o ABSOLUTE
    _printf_lld                              0x00000000   Number         0  stubs.o ABSOLUTE
    _printf_lli                              0x00000000   Number         0  stubs.o ABSOLUTE
    _printf_llo                              0x00000000   Number         0  stubs.o ABSOLUTE
    _printf_llu                              0x00000000   Number         0  stubs.o ABSOLUTE
    _printf_llx                              0x00000000   Number         0  stubs.o ABSOLUTE
    _printf_longlong_dec                     0x00000000   Number         0  stubs.o ABSOLUTE
    _printf_longlong_hex                     0x00000000   Number         0  stubs.o ABSOLUTE
    _printf_longlong_oct                     0x00000000   Number         0  stubs.o ABSOLUTE
    _printf_ls                               0x00000000   Number         0  stubs.o ABSOLUTE
    _printf_mbtowc                           0x00000000   Number         0  stubs.o ABSOLUTE
    _printf_n                                0x00000000   Number         0  stubs.o ABSOLUTE
    _printf_o                                0x00000000   Number         0  stubs.o ABSOLUTE
    _printf_p                                0x00000000   Number         0  stubs.o ABSOLUTE
    _printf_percent                          0x00000000   Number         0  stubs.o ABSOLUTE
    _printf_pre_padding                      0x00000000   Number         0  stubs.o ABSOLUTE
    _printf_return_value                     0x00000000   Number         0  stubs.o ABSOLUTE
    _printf_s                                0x00000000   Number         0  stubs.o ABSOLUTE
    _printf_sizespec                         0x00000000   Number         0  stubs.o ABSOLUTE
    _printf_str                              0x00000000   Number         0  stubs.o ABSOLUTE
    _printf_truncate_signed                  0x00000000   Number         0  stubs.o ABSOLUTE
    _printf_truncate_unsigned                0x00000000   Number         0  stubs.o ABSOLUTE
    _printf_u                                0x00000000   Number         0  stubs.o ABSOLUTE
    _printf_wc                               0x00000000   Number         0  stubs.o ABSOLUTE
    _printf_wctomb                           0x00000000   Number         0  stubs.o ABSOLUTE
    _printf_widthprec                        0x00000000   Number         0  stubs.o ABSOLUTE
    _printf_x                                0x00000000   Number         0  stubs.o ABSOLUTE
    __cpp_initialize__aeabi_                  - Undefined Weak Reference
    __cxa_finalize                            - Undefined Weak Reference
    _clock_init                               - Undefined Weak Reference
    _microlib_exit                            - Undefined Weak Reference
    __Vectors_Size                           0x000000ec   Number         0  startup_stm32f10x_md.o ABSOLUTE
    __Vectors                                0x08000000   Data           4  startup_stm32f10x_md.o(RESET)
    __Vectors_End                            0x080000ec   Data           0  startup_stm32f10x_md.o(RESET)
    __main                                   0x080000ed   Thumb Code     0  entry.o(.ARM.Collect$$$$00000000)
    _main_stk                                0x080000ed   Thumb Code     0  entry2.o(.ARM.Collect$$$$00000001)
    _main_scatterload                        0x080000f1   Thumb Code     0  entry5.o(.ARM.Collect$$$$00000004)
    __main_after_scatterload                 0x080000f5   Thumb Code     0  entry5.o(.ARM.Collect$$$$00000004)
    _main_clock                              0x080000f5   Thumb Code     0  entry7b.o(.ARM.Collect$$$$00000008)
    _main_cpp_init                           0x080000f5   Thumb Code     0  entry8b.o(.ARM.Collect$$$$0000000A)
    _main_init                               0x080000f5   Thumb Code     0  entry9a.o(.ARM.Collect$$$$0000000B)
    __rt_final_cpp                           0x080000fd   Thumb Code     0  entry10a.o(.ARM.Collect$$$$0000000D)
    __rt_final_exit                          0x080000fd   Thumb Code     0  entry11a.o(.ARM.Collect$$$$0000000F)
    Reset_Handler                            0x08000101   Thumb Code     8  startup_stm32f10x_md.o(.text)
    ADC1_2_IRQHandler                        0x0800011b   Thumb Code     0  startup_stm32f10x_md.o(.text)
    CAN1_RX1_IRQHandler                      0x0800011b   Thumb Code     0  startup_stm32f10x_md.o(.text)
    CAN1_SCE_IRQHandler                      0x0800011b   Thumb Code     0  startup_stm32f10x_md.o(.text)
    DMA1_Channel1_IRQHandler                 0x0800011b   Thumb Code     0  startup_stm32f10x_md.o(.text)
    DMA1_Channel2_IRQHandler                 0x0800011b   Thumb Code     0  startup_stm32f10x_md.o(.text)
    DMA1_Channel3_IRQHandler                 0x0800011b   Thumb Code     0  startup_stm32f10x_md.o(.text)
    DMA1_Channel4_IRQHandler                 0x0800011b   Thumb Code     0  startup_stm32f10x_md.o(.text)
    DMA1_Channel5_IRQHandler                 0x0800011b   Thumb Code     0  startup_stm32f10x_md.o(.text)
    DMA1_Channel6_IRQHandler                 0x0800011b   Thumb Code     0  startup_stm32f10x_md.o(.text)
    DMA1_Channel7_IRQHandler                 0x0800011b   Thumb Code     0  startup_stm32f10x_md.o(.text)
    EXTI0_IRQHandler                         0x0800011b   Thumb Code     0  startup_stm32f10x_md.o(.text)
    EXTI15_10_IRQHandler                     0x0800011b   Thumb Code     0  startup_stm32f10x_md.o(.text)
    EXTI1_IRQHandler                         0x0800011b   Thumb Code     0  startup_stm32f10x_md.o(.text)
    EXTI2_IRQHandler                         0x0800011b   Thumb Code     0  startup_stm32f10x_md.o(.text)
    EXTI3_IRQHandler                         0x0800011b   Thumb Code     0  startup_stm32f10x_md.o(.text)
    EXTI4_IRQHandler                         0x0800011b   Thumb Code     0  startup_stm32f10x_md.o(.text)
    EXTI9_5_IRQHandler                       0x0800011b   Thumb Code     0  startup_stm32f10x_md.o(.text)
    FLASH_IRQHandler                         0x0800011b   Thumb Code     0  startup_stm32f10x_md.o(.text)
    I2C1_ER_IRQHandler                       0x0800011b   Thumb Code     0  startup_stm32f10x_md.o(.text)
    I2C1_EV_IRQHandler                       0x0800011b   Thumb Code     0  startup_stm32f10x_md.o(.text)
    I2C2_ER_IRQHandler                       0x0800011b   Thumb Code     0  startup_stm32f10x_md.o(.text)
    I2C2_EV_IRQHandler                       0x0800011b   Thumb Code     0  startup_stm32f10x_md.o(.text)
    PVD_IRQHandler                           0x0800011b   Thumb Code     0  startup_stm32f10x_md.o(.text)
    RCC_IRQHandler                           0x0800011b   Thumb Code     0  startup_stm32f10x_md.o(.text)
    RTCAlarm_IRQHandler                      0x0800011b   Thumb Code     0  startup_stm32f10x_md.o(.text)
    RTC_IRQHandler                           0x0800011b   Thumb Code     0  startup_stm32f10x_md.o(.text)
    SPI1_IRQHandler                          0x0800011b   Thumb Code     0  startup_stm32f10x_md.o(.text)
    SPI2_IRQHandler                          0x0800011b   Thumb Code     0  startup_stm32f10x_md.o(.text)
    TAMPER_IRQHandler                        0x0800011b   Thumb Code     0  startup_stm32f10x_md.o(.text)
    TIM1_BRK_IRQHandler                      0x0800011b   Thumb Code     0  startup_stm32f10x_md.o(.text)
    TIM1_CC_IRQHandler                       0x0800011b   Thumb Code     0  startup_stm32f10x_md.o(.text)
    TIM1_TRG_COM_IRQHandler                  0x0800011b   Thumb Code     0  startup_stm32f10x_md.o(.text)
    TIM1_UP_IRQHandler                       0x0800011b   Thumb Code     0  startup_stm32f10x_md.o(.text)
    TIM2_IRQHandler                          0x0800011b   Thumb Code     0  startup_stm32f10x_md.o(.text)
    TIM4_IRQHandler                          0x0800011b   Thumb Code     0  startup_stm32f10x_md.o(.text)
    USART2_IRQHandler                        0x0800011b   Thumb Code     0  startup_stm32f10x_md.o(.text)
    USART3_IRQHandler                        0x0800011b   Thumb Code     0  startup_stm32f10x_md.o(.text)
    USBWakeUp_IRQHandler                     0x0800011b   Thumb Code     0  startup_stm32f10x_md.o(.text)
    USB_HP_CAN1_TX_IRQHandler                0x0800011b   Thumb Code     0  startup_stm32f10x_md.o(.text)
    USB_LP_CAN1_RX0_IRQHandler               0x0800011b   Thumb Code     0  startup_stm32f10x_md.o(.text)
    WWDG_IRQHandler                          0x0800011b   Thumb Code     0  startup_stm32f10x_md.o(.text)
    __aeabi_memcpy                           0x08000125   Thumb Code    36  memcpya.o(.text)
    __aeabi_memcpy4                          0x08000125   Thumb Code     0  memcpya.o(.text)
    __aeabi_memcpy8                          0x08000125   Thumb Code     0  memcpya.o(.text)
    __aeabi_uidiv                            0x08000149   Thumb Code     0  uidiv.o(.text)
    __aeabi_uidivmod                         0x08000149   Thumb Code    44  uidiv.o(.text)
    __scatterload                            0x08000175   Thumb Code    28  init.o(.text)
    __scatterload_rt2                        0x08000175   Thumb Code     0  init.o(.text)
    __decompress                             0x08000199   Thumb Code     0  __dczerorl2.o(.text)
    __decompress1                            0x08000199   Thumb Code    86  __dczerorl2.o(.text)
    All_Key_Task                             0x080001ef   Thumb Code    68  key.o(i.All_Key_Task)
    BusFault_Handler                         0x08000233   Thumb Code     4  stm32f10x_it.o(i.BusFault_Handler)
    DebugMon_Handler                         0x08000237   Thumb Code     2  stm32f10x_it.o(i.DebugMon_Handler)
    GPIO_Init                                0x08000239   Thumb Code   278  stm32f10x_gpio.o(i.GPIO_Init)
    GPIO_ReadInputDataBit                    0x0800034f   Thumb Code    18  stm32f10x_gpio.o(i.GPIO_ReadInputDataBit)
    GPIO_ResetBits                           0x08000361   Thumb Code     4  stm32f10x_gpio.o(i.GPIO_ResetBits)
    GPIO_SetBits                             0x08000365   Thumb Code     4  stm32f10x_gpio.o(i.GPIO_SetBits)
    Get_Serial_Data                          0x08000369   Thumb Code    44  usart.o(i.Get_Serial_Data)
    HardFault_Handler                        0x080003a9   Thumb Code     4  stm32f10x_it.o(i.HardFault_Handler)
    I2C_CheckEvent                           0x080003ad   Thumb Code    42  stm32f10x_i2c.o(i.I2C_CheckEvent)
    I2C_Cmd                                  0x080003d7   Thumb Code    24  stm32f10x_i2c.o(i.I2C_Cmd)
    I2C_Configuration                        0x080003f1   Thumb Code   110  oled_iic.o(i.I2C_Configuration)
    I2C_DeInit                               0x0800046d   Thumb Code    50  stm32f10x_i2c.o(i.I2C_DeInit)
    I2C_GenerateSTART                        0x080004a5   Thumb Code    24  stm32f10x_i2c.o(i.I2C_GenerateSTART)
    I2C_GenerateSTOP                         0x080004bd   Thumb Code    24  stm32f10x_i2c.o(i.I2C_GenerateSTOP)
    I2C_GetFlagStatus                        0x080004d5   Thumb Code    58  stm32f10x_i2c.o(i.I2C_GetFlagStatus)
    I2C_Init                                 0x08000511   Thumb Code   222  stm32f10x_i2c.o(i.I2C_Init)
    I2C_Send7bitAddress                      0x080005fd   Thumb Code    18  stm32f10x_i2c.o(i.I2C_Send7bitAddress)
    I2C_SendData                             0x0800060f   Thumb Code     4  stm32f10x_i2c.o(i.I2C_SendData)
    I2C_WriteByte                            0x08000615   Thumb Code   126  oled_iic.o(i.I2C_WriteByte)
    INTERFACE_Statment                       0x080006a1   Thumb Code    82  menu.o(i.INTERFACE_Statment)
    KEY_4X4_Scan                             0x080006f9   Thumb Code  1202  key.o(i.KEY_4X4_Scan)
    KEY_4X4_init                             0x08000bbd   Thumb Code    58  key.o(i.KEY_4X4_init)
    Key10_Task                               0x08000bfd   Thumb Code    14  key.o(i.Key10_Task)
    Key11_Task                               0x08000c11   Thumb Code    14  key.o(i.Key11_Task)
    Key12_Task                               0x08000c25   Thumb Code    14  key.o(i.Key12_Task)
    Key13_Task                               0x08000c39   Thumb Code    14  key.o(i.Key13_Task)
    Key14_Task                               0x08000c4d   Thumb Code    14  key.o(i.Key14_Task)
    Key15_Task                               0x08000c61   Thumb Code    14  key.o(i.Key15_Task)
    Key16_Task                               0x08000c75   Thumb Code    16  key.o(i.Key16_Task)
    Key1_Task                                0x08000c89   Thumb Code    20  key.o(i.Key1_Task)
    Key2_Task                                0x08000ca1   Thumb Code    20  key.o(i.Key2_Task)
    Key3_Task                                0x08000cb9   Thumb Code    20  key.o(i.Key3_Task)
    Key4_Task                                0x08000cd1   Thumb Code    14  key.o(i.Key4_Task)
    Key5_Task                                0x08000ce5   Thumb Code    14  key.o(i.Key5_Task)
    Key6_Task                                0x08000cf9   Thumb Code    22  key.o(i.Key6_Task)
    Key7_Task                                0x08000d15   Thumb Code    16  key.o(i.Key7_Task)
    Key8_Task                                0x08000d29   Thumb Code    16  key.o(i.Key8_Task)
    Key9_Task                                0x08000d3d   Thumb Code    16  key.o(i.Key9_Task)
    Key_Scan                                 0x08000d51   Thumb Code   246  key.o(i.Key_Scan)
    MY_NVIC_Init                             0x08000e91   Thumb Code   116  sys.o(i.MY_NVIC_Init)
    MY_NVIC_PriorityGroupConfig              0x08000f09   Thumb Code    32  sys.o(i.MY_NVIC_PriorityGroupConfig)
    MemManage_Handler                        0x08000f31   Thumb Code     4  stm32f10x_it.o(i.MemManage_Handler)
    Menu_Key_Down                            0x08000f35   Thumb Code    48  menu.o(i.Menu_Key_Down)
    Menu_Key_Enter                           0x08000f69   Thumb Code    68  menu.o(i.Menu_Key_Enter)
    Menu_Key_Return                          0x08000fb1   Thumb Code   116  menu.o(i.Menu_Key_Return)
    Menu_Key_Up                              0x08001029   Thumb Code    48  menu.o(i.Menu_Key_Up)
    Mision_1ms                               0x0800105d   Thumb Code   134  timer.o(i.Mision_1ms)
    NMI_Handler                              0x080010fd   Thumb Code     2  stm32f10x_it.o(i.NMI_Handler)
    NVIC_Init                                0x08001101   Thumb Code   100  misc.o(i.NVIC_Init)
    NVIC_PriorityGroupConfig                 0x08001171   Thumb Code    10  misc.o(i.NVIC_PriorityGroupConfig)
    OLED_CLS                                 0x08001185   Thumb Code    10  oled_iic.o(i.OLED_CLS)
    OLED_DrawBMP                             0x0800118f   Thumb Code   116  oled_iic.o(i.OLED_DrawBMP)
    OLED_Fill                                0x08001203   Thumb Code    58  oled_iic.o(i.OLED_Fill)
    OLED_Init                                0x0800123d   Thumb Code   182  oled_iic.o(i.OLED_Init)
    OLED_SetPos                              0x080012f3   Thumb Code    40  oled_iic.o(i.OLED_SetPos)
    OLED_ShowCN                              0x0800131d   Thumb Code    80  oled_iic.o(i.OLED_ShowCN)
    OLED_ShowStr                             0x08001371   Thumb Code   228  oled_iic.o(i.OLED_ShowStr)
    PendSV_Handler                           0x0800145d   Thumb Code     2  stm32f10x_it.o(i.PendSV_Handler)
    RCC_APB1PeriphClockCmd                   0x08001461   Thumb Code    26  stm32f10x_rcc.o(i.RCC_APB1PeriphClockCmd)
    RCC_APB1PeriphResetCmd                   0x08001481   Thumb Code    26  stm32f10x_rcc.o(i.RCC_APB1PeriphResetCmd)
    RCC_APB2PeriphClockCmd                   0x080014a1   Thumb Code    26  stm32f10x_rcc.o(i.RCC_APB2PeriphClockCmd)
    RCC_GetClocksFreq                        0x080014c1   Thumb Code   192  stm32f10x_rcc.o(i.RCC_GetClocksFreq)
    SVC_Handler                              0x08001595   Thumb Code     2  stm32f10x_it.o(i.SVC_Handler)
    SysTick_CLKSourceConfig                  0x08001681   Thumb Code    40  misc.o(i.SysTick_CLKSourceConfig)
    SysTick_Handler                          0x080016a9   Thumb Code     2  stm32f10x_it.o(i.SysTick_Handler)
    SystemInit                               0x080016ad   Thumb Code    78  system_stm32f10x.o(i.SystemInit)
    TIM3_IRQHandler                          0x0800170d   Thumb Code   162  timer.o(i.TIM3_IRQHandler)
    TIM3_init                                0x080017ed   Thumb Code    72  timer.o(i.TIM3_init)
    USART1_IRQHandler                        0x0800183d   Thumb Code   122  usart.o(i.USART1_IRQHandler)
    USART_Cmd                                0x080018c5   Thumb Code    24  stm32f10x_usart.o(i.USART_Cmd)
    USART_GetITStatus                        0x080018dd   Thumb Code    84  stm32f10x_usart.o(i.USART_GetITStatus)
    USART_ITConfig                           0x08001931   Thumb Code    74  stm32f10x_usart.o(i.USART_ITConfig)
    USART_Init                               0x0800197d   Thumb Code   210  stm32f10x_usart.o(i.USART_Init)
    USART_ReceiveData                        0x08001a55   Thumb Code    10  stm32f10x_usart.o(i.USART_ReceiveData)
    UsageFault_Handler                       0x08001a5f   Thumb Code     4  stm32f10x_it.o(i.UsageFault_Handler)
    WriteCmd                                 0x08001a63   Thumb Code    14  oled_iic.o(i.WriteCmd)
    WriteDat                                 0x08001a71   Thumb Code    14  oled_iic.o(i.WriteDat)
    __0printf$1                              0x08001a81   Thumb Code    22  printf1.o(i.__0printf$1)
    __1printf$1                              0x08001a81   Thumb Code     0  printf1.o(i.__0printf$1)
    __2printf                                0x08001a81   Thumb Code     0  printf1.o(i.__0printf$1)
    __0sprintf$1                             0x08001aa1   Thumb Code    34  printf1.o(i.__0sprintf$1)
    __1sprintf$1                             0x08001aa1   Thumb Code     0  printf1.o(i.__0sprintf$1)
    __2sprintf                               0x08001aa1   Thumb Code     0  printf1.o(i.__0sprintf$1)
    __scatterload_copy                       0x08001ac9   Thumb Code    14  handlers.o(i.__scatterload_copy)
    __scatterload_null                       0x08001ad7   Thumb Code     2  handlers.o(i.__scatterload_null)
    __scatterload_zeroinit                   0x08001ad9   Thumb Code    14  handlers.o(i.__scatterload_zeroinit)
    delayMs                                  0x08001c47   Thumb Code    24  key.o(i.delayMs)
    delay_init                               0x08001c61   Thumb Code    50  delay.o(i.delay_init)
    delay_ms                                 0x08001ca5   Thumb Code    72  delay.o(i.delay_ms)
    fputc                                    0x08001cf1   Thumb Code    24  usart.o(i.fputc)
    main                                     0x08001d0d   Thumb Code   114  main.o(i.main)
    show_UI                                  0x08001d91   Thumb Code    24  oled_iic.o(i.show_UI)
    show_all_test                            0x08001dad   Thumb Code   218  oled_iic.o(i.show_all_test)
    show_bmp                                 0x08001e91   Thumb Code    32  oled_iic.o(i.show_bmp)
    show_chosen_all                          0x08001eb5   Thumb Code    64  oled_iic.o(i.show_chosen_all)
    show_chosen_current                      0x08001ef9   Thumb Code    64  oled_iic.o(i.show_chosen_current)
    show_chosen_rotation                     0x08001f3d   Thumb Code    64  oled_iic.o(i.show_chosen_rotation)
    show_current_test                        0x08001f81   Thumb Code   288  oled_iic.o(i.show_current_test)
    show_menu                                0x080020b1   Thumb Code   238  oled_iic.o(i.show_menu)
    show_rotation_test                       0x080021a5   Thumb Code   266  oled_iic.o(i.show_rotation_test)
    uart_init                                0x080022b9   Thumb Code   152  usart.o(i.uart_init)
    F6x8                                     0x08002358   Data         552  oled_iic.o(.constdata)
    F8X16                                    0x08002580   Data        1520  oled_iic.o(.constdata)
    Region$$Table$$Base                      0x08002cd4   Number         0  anon$$obj.o(Region$$Table)
    Region$$Table$$Limit                     0x08002cf4   Number         0  anon$$obj.o(Region$$Table)
    key_3x3_flag                             0x20000000   Data           4  main.o(.data)
    KEY                                      0x20000004   Data           1  main.o(.data)
    SystemCoreClock                          0x20000008   Data           4  system_stm32f10x.o(.data)
    AHBPrescTable                            0x2000000c   Data          16  system_stm32f10x.o(.data)
    interfece                                0x2000001c   Data           1  menu.o(.data)
    F16x16                                   0x2000001d   Data         544  oled_iic.o(.data)
    BMP1                                     0x2000023d   Data        1024  oled_iic.o(.data)
    Bef                                      0x2000063d   Data           3  oled_iic.o(.data)
    Cur                                      0x20000640   Data           3  oled_iic.o(.data)
    time                                     0x20000644   Data           2  timer.o(.data)
    time0                                    0x20000646   Data           2  timer.o(.data)
    time1                                    0x20000648   Data           2  timer.o(.data)
    time4                                    0x2000064a   Data           2  timer.o(.data)
    time5                                    0x2000064c   Data           2  timer.o(.data)
    time6                                    0x2000064e   Data           2  timer.o(.data)
    time7                                    0x20000650   Data           2  timer.o(.data)
    time8                                    0x20000652   Data           2  timer.o(.data)
    time9                                    0x20000654   Data           2  timer.o(.data)
    time10                                   0x20000656   Data           2  timer.o(.data)
    time11                                   0x20000658   Data           2  timer.o(.data)
    time12                                   0x2000065a   Data           2  timer.o(.data)
    time13                                   0x2000065c   Data           2  timer.o(.data)
    flag_1ms                                 0x2000065e   Data           1  timer.o(.data)
    __stdout                                 0x2000066c   Data           4  usart.o(.data)
    USART_RX_STA                             0x20000670   Data           2  usart.o(.data)
    key1_press                               0x20000672   Data           1  key.o(.data)
    key2_press                               0x20000673   Data           1  key.o(.data)
    key3_press                               0x20000674   Data           1  key.o(.data)
    key4_press                               0x20000675   Data           1  key.o(.data)
    key5_press                               0x20000676   Data           1  key.o(.data)
    key6_press                               0x20000677   Data           1  key.o(.data)
    key7_press                               0x20000678   Data           1  key.o(.data)
    key8_press                               0x20000679   Data           1  key.o(.data)
    key9_press                               0x2000067a   Data           1  key.o(.data)
    key10_press                              0x2000067b   Data           1  key.o(.data)
    key11_press                              0x2000067c   Data           1  key.o(.data)
    key12_press                              0x2000067d   Data           1  key.o(.data)
    key13_press                              0x2000067e   Data           1  key.o(.data)
    key14_press                              0x2000067f   Data           1  key.o(.data)
    key15_press                              0x20000680   Data           1  key.o(.data)
    key16_press                              0x20000681   Data           1  key.o(.data)
    USART_RX_BUF                             0x200006a8   Data         200  usart.o(.bss)
    receive_data                             0x20000770   Data          40  usart.o(.bss)
    __initial_sp                             0x20000b98   Data           0  startup_stm32f10x_md.o(STACK)



==============================================================================

Memory Map of the image

  Image Entry point : 0x080000ed

  Load Region LR_IROM1 (Base: 0x08000000, Size: 0x0000339c, Max: 0x00010000, ABSOLUTE, COMPRESSED[0x000030c8])

    Execution Region ER_IROM1 (Exec base: 0x08000000, Load base: 0x08000000, Size: 0x00002cf4, Max: 0x00010000, ABSOLUTE)

    Exec Addr    Load Addr    Size         Type   Attr      Idx    E Section Name        Object

    0x08000000   0x08000000   0x000000ec   Data   RO          824    RESET               startup_stm32f10x_md.o
    0x080000ec   0x080000ec   0x00000000   Code   RO         2459  * .ARM.Collect$$$$00000000  mc_w.l(entry.o)
    0x080000ec   0x080000ec   0x00000004   Code   RO         2727    .ARM.Collect$$$$00000001  mc_w.l(entry2.o)
    0x080000f0   0x080000f0   0x00000004   Code   RO         2730    .ARM.Collect$$$$00000004  mc_w.l(entry5.o)
    0x080000f4   0x080000f4   0x00000000   Code   RO         2732    .ARM.Collect$$$$00000008  mc_w.l(entry7b.o)
    0x080000f4   0x080000f4   0x00000000   Code   RO         2734    .ARM.Collect$$$$0000000A  mc_w.l(entry8b.o)
    0x080000f4   0x080000f4   0x00000008   Code   RO         2735    .ARM.Collect$$$$0000000B  mc_w.l(entry9a.o)
    0x080000fc   0x080000fc   0x00000000   Code   RO         2737    .ARM.Collect$$$$0000000D  mc_w.l(entry10a.o)
    0x080000fc   0x080000fc   0x00000000   Code   RO         2739    .ARM.Collect$$$$0000000F  mc_w.l(entry11a.o)
    0x080000fc   0x080000fc   0x00000004   Code   RO         2728    .ARM.Collect$$$$00002712  mc_w.l(entry2.o)
    0x08000100   0x08000100   0x00000024   Code   RO          825    .text               startup_stm32f10x_md.o
    0x08000124   0x08000124   0x00000024   Code   RO         2462    .text               mc_w.l(memcpya.o)
    0x08000148   0x08000148   0x0000002c   Code   RO         2741    .text               mc_w.l(uidiv.o)
    0x08000174   0x08000174   0x00000024   Code   RO         2756    .text               mc_w.l(init.o)
    0x08000198   0x08000198   0x00000056   Code   RO         2774    .text               mc_w.l(__dczerorl2.o)
    0x080001ee   0x080001ee   0x00000044   Code   RO          673    i.All_Key_Task      key.o
    0x08000232   0x08000232   0x00000004   Code   RO          137    i.BusFault_Handler  stm32f10x_it.o
    0x08000236   0x08000236   0x00000002   Code   RO          138    i.DebugMon_Handler  stm32f10x_it.o
    0x08000238   0x08000238   0x00000116   Code   RO          835    i.GPIO_Init         stm32f10x_gpio.o
    0x0800034e   0x0800034e   0x00000012   Code   RO          839    i.GPIO_ReadInputDataBit  stm32f10x_gpio.o
    0x08000360   0x08000360   0x00000004   Code   RO          842    i.GPIO_ResetBits    stm32f10x_gpio.o
    0x08000364   0x08000364   0x00000004   Code   RO          843    i.GPIO_SetBits      stm32f10x_gpio.o
    0x08000368   0x08000368   0x00000040   Code   RO          625    i.Get_Serial_Data   usart.o
    0x080003a8   0x080003a8   0x00000004   Code   RO          139    i.HardFault_Handler  stm32f10x_it.o
    0x080003ac   0x080003ac   0x0000002a   Code   RO         2258    i.I2C_CheckEvent    stm32f10x_i2c.o
    0x080003d6   0x080003d6   0x00000018   Code   RO         2261    i.I2C_Cmd           stm32f10x_i2c.o
    0x080003ee   0x080003ee   0x00000002   PAD
    0x080003f0   0x080003f0   0x0000007c   Code   RO          305    i.I2C_Configuration  oled_iic.o
    0x0800046c   0x0800046c   0x00000038   Code   RO         2264    i.I2C_DeInit        stm32f10x_i2c.o
    0x080004a4   0x080004a4   0x00000018   Code   RO         2268    i.I2C_GenerateSTART  stm32f10x_i2c.o
    0x080004bc   0x080004bc   0x00000018   Code   RO         2269    i.I2C_GenerateSTOP  stm32f10x_i2c.o
    0x080004d4   0x080004d4   0x0000003a   Code   RO         2270    i.I2C_GetFlagStatus  stm32f10x_i2c.o
    0x0800050e   0x0800050e   0x00000002   PAD
    0x08000510   0x08000510   0x000000ec   Code   RO         2275    i.I2C_Init          stm32f10x_i2c.o
    0x080005fc   0x080005fc   0x00000012   Code   RO         2282    i.I2C_Send7bitAddress  stm32f10x_i2c.o
    0x0800060e   0x0800060e   0x00000004   Code   RO         2283    i.I2C_SendData      stm32f10x_i2c.o
    0x08000612   0x08000612   0x00000002   PAD
    0x08000614   0x08000614   0x0000008c   Code   RO          306    i.I2C_WriteByte     oled_iic.o
    0x080006a0   0x080006a0   0x00000058   Code   RO          237    i.INTERFACE_Statment  menu.o
    0x080006f8   0x080006f8   0x000004c4   Code   RO          674    i.KEY_4X4_Scan      key.o
    0x08000bbc   0x08000bbc   0x00000040   Code   RO          675    i.KEY_4X4_init      key.o
    0x08000bfc   0x08000bfc   0x00000014   Code   RO          676    i.Key10_Task        key.o
    0x08000c10   0x08000c10   0x00000014   Code   RO          677    i.Key11_Task        key.o
    0x08000c24   0x08000c24   0x00000014   Code   RO          678    i.Key12_Task        key.o
    0x08000c38   0x08000c38   0x00000014   Code   RO          679    i.Key13_Task        key.o
    0x08000c4c   0x08000c4c   0x00000014   Code   RO          680    i.Key14_Task        key.o
    0x08000c60   0x08000c60   0x00000014   Code   RO          681    i.Key15_Task        key.o
    0x08000c74   0x08000c74   0x00000014   Code   RO          682    i.Key16_Task        key.o
    0x08000c88   0x08000c88   0x00000018   Code   RO          683    i.Key1_Task         key.o
    0x08000ca0   0x08000ca0   0x00000018   Code   RO          684    i.Key2_Task         key.o
    0x08000cb8   0x08000cb8   0x00000018   Code   RO          685    i.Key3_Task         key.o
    0x08000cd0   0x08000cd0   0x00000014   Code   RO          686    i.Key4_Task         key.o
    0x08000ce4   0x08000ce4   0x00000014   Code   RO          687    i.Key5_Task         key.o
    0x08000cf8   0x08000cf8   0x0000001c   Code   RO          688    i.Key6_Task         key.o
    0x08000d14   0x08000d14   0x00000014   Code   RO          689    i.Key7_Task         key.o
    0x08000d28   0x08000d28   0x00000014   Code   RO          690    i.Key8_Task         key.o
    0x08000d3c   0x08000d3c   0x00000014   Code   RO          691    i.Key9_Task         key.o
    0x08000d50   0x08000d50   0x00000140   Code   RO          692    i.Key_Scan          key.o
    0x08000e90   0x08000e90   0x00000078   Code   RO          548    i.MY_NVIC_Init      sys.o
    0x08000f08   0x08000f08   0x00000028   Code   RO          549    i.MY_NVIC_PriorityGroupConfig  sys.o
    0x08000f30   0x08000f30   0x00000004   Code   RO          140    i.MemManage_Handler  stm32f10x_it.o
    0x08000f34   0x08000f34   0x00000034   Code   RO          238    i.Menu_Key_Down     menu.o
    0x08000f68   0x08000f68   0x00000048   Code   RO          239    i.Menu_Key_Enter    menu.o
    0x08000fb0   0x08000fb0   0x00000078   Code   RO          240    i.Menu_Key_Return   menu.o
    0x08001028   0x08001028   0x00000034   Code   RO          241    i.Menu_Key_Up       menu.o
    0x0800105c   0x0800105c   0x000000a0   Code   RO          482    i.Mision_1ms        timer.o
    0x080010fc   0x080010fc   0x00000002   Code   RO          141    i.NMI_Handler       stm32f10x_it.o
    0x080010fe   0x080010fe   0x00000002   PAD
    0x08001100   0x08001100   0x00000070   Code   RO         1323    i.NVIC_Init         misc.o
    0x08001170   0x08001170   0x00000014   Code   RO         1324    i.NVIC_PriorityGroupConfig  misc.o
    0x08001184   0x08001184   0x0000000a   Code   RO          307    i.OLED_CLS          oled_iic.o
    0x0800118e   0x0800118e   0x00000074   Code   RO          308    i.OLED_DrawBMP      oled_iic.o
    0x08001202   0x08001202   0x0000003a   Code   RO          309    i.OLED_Fill         oled_iic.o
    0x0800123c   0x0800123c   0x000000b6   Code   RO          310    i.OLED_Init         oled_iic.o
    0x080012f2   0x080012f2   0x00000028   Code   RO          313    i.OLED_SetPos       oled_iic.o
    0x0800131a   0x0800131a   0x00000002   PAD
    0x0800131c   0x0800131c   0x00000054   Code   RO          314    i.OLED_ShowCN       oled_iic.o
    0x08001370   0x08001370   0x000000ec   Code   RO          315    i.OLED_ShowStr      oled_iic.o
    0x0800145c   0x0800145c   0x00000002   Code   RO          142    i.PendSV_Handler    stm32f10x_it.o
    0x0800145e   0x0800145e   0x00000002   PAD
    0x08001460   0x08001460   0x00000020   Code   RO          945    i.RCC_APB1PeriphClockCmd  stm32f10x_rcc.o
    0x08001480   0x08001480   0x00000020   Code   RO          946    i.RCC_APB1PeriphResetCmd  stm32f10x_rcc.o
    0x080014a0   0x080014a0   0x00000020   Code   RO          947    i.RCC_APB2PeriphClockCmd  stm32f10x_rcc.o
    0x080014c0   0x080014c0   0x000000d4   Code   RO          955    i.RCC_GetClocksFreq  stm32f10x_rcc.o
    0x08001594   0x08001594   0x00000002   Code   RO          143    i.SVC_Handler       stm32f10x_it.o
    0x08001596   0x08001596   0x00000008   Code   RO          200    i.SetSysClock       system_stm32f10x.o
    0x0800159e   0x0800159e   0x00000002   PAD
    0x080015a0   0x080015a0   0x000000e0   Code   RO          201    i.SetSysClockTo72   system_stm32f10x.o
    0x08001680   0x08001680   0x00000028   Code   RO         1327    i.SysTick_CLKSourceConfig  misc.o
    0x080016a8   0x080016a8   0x00000002   Code   RO          144    i.SysTick_Handler   stm32f10x_it.o
    0x080016aa   0x080016aa   0x00000002   PAD
    0x080016ac   0x080016ac   0x00000060   Code   RO          203    i.SystemInit        system_stm32f10x.o
    0x0800170c   0x0800170c   0x000000e0   Code   RO          483    i.TIM3_IRQHandler   timer.o
    0x080017ec   0x080017ec   0x00000050   Code   RO          484    i.TIM3_init         timer.o
    0x0800183c   0x0800183c   0x00000088   Code   RO          626    i.USART1_IRQHandler  usart.o
    0x080018c4   0x080018c4   0x00000018   Code   RO         1147    i.USART_Cmd         stm32f10x_usart.o
    0x080018dc   0x080018dc   0x00000054   Code   RO         1151    i.USART_GetITStatus  stm32f10x_usart.o
    0x08001930   0x08001930   0x0000004a   Code   RO         1153    i.USART_ITConfig    stm32f10x_usart.o
    0x0800197a   0x0800197a   0x00000002   PAD
    0x0800197c   0x0800197c   0x000000d8   Code   RO         1154    i.USART_Init        stm32f10x_usart.o
    0x08001a54   0x08001a54   0x0000000a   Code   RO         1161    i.USART_ReceiveData  stm32f10x_usart.o
    0x08001a5e   0x08001a5e   0x00000004   Code   RO          145    i.UsageFault_Handler  stm32f10x_it.o
    0x08001a62   0x08001a62   0x0000000e   Code   RO          318    i.WriteCmd          oled_iic.o
    0x08001a70   0x08001a70   0x0000000e   Code   RO          319    i.WriteDat          oled_iic.o
    0x08001a7e   0x08001a7e   0x00000002   PAD
    0x08001a80   0x08001a80   0x00000020   Code   RO         2511    i.__0printf$1       mc_w.l(printf1.o)
    0x08001aa0   0x08001aa0   0x00000028   Code   RO         2513    i.__0sprintf$1      mc_w.l(printf1.o)
    0x08001ac8   0x08001ac8   0x0000000e   Code   RO         2768    i.__scatterload_copy  mc_w.l(handlers.o)
    0x08001ad6   0x08001ad6   0x00000002   Code   RO         2769    i.__scatterload_null  mc_w.l(handlers.o)
    0x08001ad8   0x08001ad8   0x0000000e   Code   RO         2770    i.__scatterload_zeroinit  mc_w.l(handlers.o)
    0x08001ae6   0x08001ae6   0x00000002   PAD
    0x08001ae8   0x08001ae8   0x00000154   Code   RO         2518    i._printf_core      mc_w.l(printf1.o)
    0x08001c3c   0x08001c3c   0x0000000a   Code   RO         2520    i._sputc            mc_w.l(printf1.o)
    0x08001c46   0x08001c46   0x00000018   Code   RO          693    i.delayMs           key.o
    0x08001c5e   0x08001c5e   0x00000002   PAD
    0x08001c60   0x08001c60   0x00000044   Code   RO          516    i.delay_init        delay.o
    0x08001ca4   0x08001ca4   0x0000004c   Code   RO          517    i.delay_ms          delay.o
    0x08001cf0   0x08001cf0   0x0000001c   Code   RO          628    i.fputc             usart.o
    0x08001d0c   0x08001d0c   0x00000084   Code   RO            1    i.main              main.o
    0x08001d90   0x08001d90   0x0000001c   Code   RO          320    i.show_UI           oled_iic.o
    0x08001dac   0x08001dac   0x000000e4   Code   RO          321    i.show_all_test     oled_iic.o
    0x08001e90   0x08001e90   0x00000024   Code   RO          322    i.show_bmp          oled_iic.o
    0x08001eb4   0x08001eb4   0x00000044   Code   RO          323    i.show_chosen_all   oled_iic.o
    0x08001ef8   0x08001ef8   0x00000044   Code   RO          324    i.show_chosen_current  oled_iic.o
    0x08001f3c   0x08001f3c   0x00000044   Code   RO          325    i.show_chosen_rotation  oled_iic.o
    0x08001f80   0x08001f80   0x00000130   Code   RO          326    i.show_current_test  oled_iic.o
    0x080020b0   0x080020b0   0x000000f4   Code   RO          328    i.show_menu         oled_iic.o
    0x080021a4   0x080021a4   0x00000114   Code   RO          329    i.show_rotation_test  oled_iic.o
    0x080022b8   0x080022b8   0x000000a0   Code   RO          629    i.uart_init         usart.o
    0x08002358   0x08002358   0x0000097c   Data   RO          332    .constdata          oled_iic.o
    0x08002cd4   0x08002cd4   0x00000020   Data   RO         2766    Region$$Table       anon$$obj.o


    Execution Region RW_IRAM1 (Exec base: 0x20000000, Load base: 0x08002cf4, Size: 0x00000b98, Max: 0x00005000, ABSOLUTE, COMPRESSED[0x000003d4])

    Exec Addr    Load Addr    Size         Type   Attr      Idx    E Section Name        Object

    0x20000000   COMPRESSED   0x00000005   Data   RW            2    .data               main.o
    0x20000005   COMPRESSED   0x00000003   PAD
    0x20000008   COMPRESSED   0x00000014   Data   RW          204    .data               system_stm32f10x.o
    0x2000001c   COMPRESSED   0x00000001   Data   RW          242    .data               menu.o
    0x2000001d   COMPRESSED   0x00000626   Data   RW          333    .data               oled_iic.o
    0x20000643   COMPRESSED   0x00000001   PAD
    0x20000644   COMPRESSED   0x00000022   Data   RW          485    .data               timer.o
    0x20000666   COMPRESSED   0x00000004   Data   RW          519    .data               delay.o
    0x2000066a   COMPRESSED   0x00000002   PAD
    0x2000066c   COMPRESSED   0x00000006   Data   RW          631    .data               usart.o
    0x20000672   COMPRESSED   0x00000020   Data   RW          694    .data               key.o
    0x20000692   COMPRESSED   0x00000014   Data   RW          975    .data               stm32f10x_rcc.o
    0x200006a6   COMPRESSED   0x00000002   PAD
    0x200006a8        -       0x000000f0   Zero   RW          630    .bss                usart.o
    0x20000798        -       0x00000400   Zero   RW          822    STACK               startup_stm32f10x_md.o


==============================================================================

Image component sizes


      Code (inc. data)   RO Data    RW Data    ZI Data      Debug   Object Name

       144         22          0          4          0       1152   delay.o
      2036        266          0         32          0      11358   key.o
       132         18          0          5          0     238014   main.o
       384         30          0          1          0     206470   menu.o
       172         22          0          0          0       1997   misc.o
      2338        102       2428       1574          0      13153   oled_iic.o
        36          8        236          0       1024        784   startup_stm32f10x_md.o
       304          0          0          0          0       3584   stm32f10x_gpio.o
       486         20          0          0          0       7003   stm32f10x_i2c.o
        26          0          0          0          0       3570   stm32f10x_it.o
       308         38          0         20          0       4923   stm32f10x_rcc.o
       408          6          0          0          0       4910   stm32f10x_usart.o
       160         12          0          0          0       1269   sys.o
       328         28          0         20          0       2017   system_stm32f10x.o
       464         96          0         34          0       2287   timer.o
       388         46          0          6        240       4129   usart.o

    ----------------------------------------------------------------------
      8136        714       2696       1704       1264     506620   Object Totals
         0          0         32          0          0          0   (incl. Generated)
        22          0          0          8          0          0   (incl. Padding)

    ----------------------------------------------------------------------

      Code (inc. data)   RO Data    RW Data    ZI Data      Debug   Library Member Name

        86          0          0          0          0          0   __dczerorl2.o
         0          0          0          0          0          0   entry.o
         0          0          0          0          0          0   entry10a.o
         0          0          0          0          0          0   entry11a.o
         8          4          0          0          0          0   entry2.o
         4          0          0          0          0          0   entry5.o
         0          0          0          0          0          0   entry7b.o
         0          0          0          0          0          0   entry8b.o
         8          4          0          0          0          0   entry9a.o
        30          0          0          0          0          0   handlers.o
        36          8          0          0          0         68   init.o
        36          0          0          0          0         68   memcpya.o
       422         20          0          0          0        336   printf1.o
        44          0          0          0          0         80   uidiv.o

    ----------------------------------------------------------------------
       676         36          0          0          0        552   Library Totals
         2          0          0          0          0          0   (incl. Padding)

    ----------------------------------------------------------------------

      Code (inc. data)   RO Data    RW Data    ZI Data      Debug   Library Name

       674         36          0          0          0        552   mc_w.l

    ----------------------------------------------------------------------
       676         36          0          0          0        552   Library Totals

    ----------------------------------------------------------------------

==============================================================================


      Code (inc. data)   RO Data    RW Data    ZI Data      Debug   

      8812        750       2696       1704       1264     502412   Grand Totals
      8812        750       2696        980       1264     502412   ELF Image Totals (compressed)
      8812        750       2696        980          0          0   ROM Totals

==============================================================================

    Total RO  Size (Code + RO Data)                11508 (  11.24kB)
    Total RW  Size (RW Data + ZI Data)              2968 (   2.90kB)
    Total ROM Size (Code + RO Data + RW Data)      12488 (  12.20kB)

==============================================================================

