C51 COMPILER V9.60.0.0   MAIN                                                              05/10/2022 10:36:20 PAGE 1   


C51 COMPILER V9.60.0.0, COMPILATION OF MODULE MAIN
OBJECT MODULE PLACED IN .\Objects\main.obj
COMPILER INVOKED BY: C:\Keil_v5\C51\BIN\C51.EXE main.c OPTIMIZE(8,SPEED) BROWSE DEBUG OBJECTEXTEND PRINT(.\Listings\main
                    -.lst) TABS(2) OBJECT(.\Objects\main.obj)

line level    source

   1          //用CCP/PCA功能实现16位定时器的测试程序
   2          //若无特别说明,工作频率一般为11.0592MHz
   3          
   4          
   5          #include "reg51.h"
   6          #include "intrins.h"
   7          
   8          #define FOSC    11059200L
   9          #define T100Hz  (FOSC / 12 / 100)
  10          
  11          typedef unsigned char BYTE;
  12          typedef unsigned int WORD;
  13          
  14          sfr P0M1 = 0x93;
  15          sfr P0M0 = 0x94;
  16          sfr P1M1 = 0x91;
  17          sfr P1M0 = 0x92;
  18          sfr P2M1 = 0x95;
  19          sfr P2M0 = 0x96;
  20          sfr P3M1 = 0xb1;
  21          sfr P3M0 = 0xb2;
  22          sfr P4M1 = 0xb3;
  23          sfr P4M0 = 0xb4;
  24          sfr P5M1 = 0xC9;
  25          sfr P5M0 = 0xCA;
  26          
  27          
  28          sfr P_SW1       = 0xA2;             //外设功能切换寄存器1
  29          
  30          #define CCP_S0 0x10                 //P_SW1.4
  31          #define CCP_S1 0x20                 //P_SW1.5
  32          
  33          sfr CCON        =   0xD8;           //PCA控制寄存器
  34          sbit CCF0       =   CCON^0;         //PCA模块0中断标志
  35          sbit CCF1       =   CCON^1;         //PCA模块1中断标志
  36          sbit CR         =   CCON^6;         //PCA定时器运行控制位
  37          sbit CF         =   CCON^7;         //PCA定时器溢出标志
  38          sfr CMOD        =   0xD9;           //PCA模式寄存器
  39          sfr CL          =   0xE9;           //PCA定时器低字节
  40          sfr CH          =   0xF9;           //PCA定时器高字节
  41          sfr CCAPM0      =   0xDA;           //PCA模块0模式寄存器
  42          sfr CCAP0L      =   0xEA;           //PCA模块0捕获寄存器 LOW
  43          sfr CCAP0H      =   0xFA;           //PCA模块0捕获寄存器 HIGH
  44          sfr CCAPM1      =   0xDB;           //PCA模块1模式寄存器
  45          sfr CCAP1L      =   0xEB;           //PCA模块1捕获寄存器 LOW
  46          sfr CCAP1H      =   0xFB;           //PCA模块1捕获寄存器 HIGH
  47          sfr PCAPWM0     =   0xf2;
  48          sfr PCAPWM1     =   0xf3;
  49          
  50          sbit PCA_LED    =   P1^0;           //PCA测试LED
  51          
  52          BYTE cnt;
  53          WORD value;
  54          
C51 COMPILER V9.60.0.0   MAIN                                                              05/10/2022 10:36:20 PAGE 2   

  55          void PCA_isr() interrupt 7    //PCA中断
  56          {
  57   1          CCF1 = 0;                       //清中断标志
  58   1          CCAP1L = value;
  59   1          CCAP1H = value >> 8;            //更新比较值
  60   1          value += T100Hz;  //(11059200 / 12 / 100) = 96
  61   1          if (cnt-- == 0)
  62   1          {
  63   2              cnt = 100;                  //记数100次
  64   2              PCA_LED = !PCA_LED;         //每秒闪烁一次
  65   2          }
  66   1      }
  67          
  68          void main()
  69          {
  70   1          P0M0 = 0x00;
  71   1          P0M1 = 0x00;
  72   1          P1M0 = 0x00;
  73   1          P1M1 = 0x00;
  74   1          P2M0 = 0x00;
  75   1          P2M1 = 0x00;
  76   1          P3M0 = 0x00;
  77   1          P3M1 = 0x00;
  78   1          P4M0 = 0x00;
  79   1          P4M1 = 0x00;
  80   1          P5M0 = 0x00;
  81   1          P5M1 = 0x00;
  82   1      
  83   1          ACC = P_SW1;
  84   1          ACC &= ~(CCP_S0 | CCP_S1);      //CCP_S0=0 CCP_S1=0
  85   1          P_SW1 = ACC;                    //(P1.2/ECI, P1.1/CCP0, P1.0/CCP1, P3.7/CCP2)
  86   1          
  87   1      //  ACC = P_SW1;
  88   1      //  ACC &= ~(CCP_S0 | CCP_S1);      //CCP_S0=1 CCP_S1=0
  89   1      //  ACC |= CCP_S0;                  //(P3.4/ECI_2, P3.5/CCP0_2, P3.6/CCP1_2, P3.7/CCP2_2)
  90   1      //  P_SW1 = ACC;  
  91   1      //  
  92   1      //  ACC = P_SW1;
  93   1      //  ACC &= ~(CCP_S0 | CCP_S1);      //CCP_S0=0 CCP_S1=1
  94   1      //  ACC |= CCP_S1;                  //(P2.4/ECI_3, P2.5/CCP0_3, P2.6/CCP1_3, P2.7/CCP2_3)
  95   1      //  P_SW1 = ACC;  
  96   1      
  97   1          CCON = 0;                       //初始化PCA控制寄存器
  98   1                                          //PCA定时器停止
  99   1                                          //清除CF标志
 100   1                                          //清除模块中断标志
 101   1          CL = 0;                         //复位PCA寄存器
 102   1          CH = 0;
 103   1          CMOD = 0x00;                    //设置PCA时钟源，SYSclk/12
 104   1                                          //禁止PCA定时器溢出中断
 105   1          value = T100Hz;
 106   1          CCAP1L = value;
 107   1          CCAP1H = value >> 8;            //初始化PCA模块0
 108   1          
 109   1          value += T100Hz;
 110   1          CCAPM1 = 0x49;                  //PCA模块0为16位定时器模式
 111   1      
 112   1          CR = 1;                         //PCA定时器开始工作
 113   1          EA = 1;
 114   1          cnt = 0;
 115   1      
 116   1          while (1);
C51 COMPILER V9.60.0.0   MAIN                                                              05/10/2022 10:36:20 PAGE 3   

 117   1      }


MODULE INFORMATION:   STATIC OVERLAYABLE
   CODE SIZE        =    123    ----
   CONSTANT SIZE    =   ----    ----
   XDATA SIZE       =   ----    ----
   PDATA SIZE       =   ----    ----
   DATA SIZE        =      3    ----
   IDATA SIZE       =   ----    ----
   BIT SIZE         =   ----    ----
END OF MODULE INFORMATION.


C51 COMPILATION COMPLETE.  0 WARNING(S),  0 ERROR(S)
