BL51 BANKED LINKER/LOCATER V6.22.2.0                                                    12/16/2021  00:26:02  PAGE 1


BL51 BANKED LINKER/LOCATER V6.22.2.0, INVOKED BY:
C:\KEIL_V5\C51\BIN\BL51.EXE STARTUP.obj, main.obj TO TM1638_test


MEMORY MODEL: SMALL


INPUT MODULES INCLUDED:
  STARTUP.obj (?C_STARTUP)
  main.obj (MAIN)
  C:\KEIL_V5\C51\LIB\C51S.LIB (?C_INIT)
  C:\KEIL_V5\C51\LIB\C51S.LIB (?C?COPY)


LINK MAP OF MODULE:  TM1638_test (?C_STARTUP)


            TYPE    BASE      LENGTH    RELOCATION   SEGMENT NAME
            -----------------------------------------------------

            * * * * * * *   D A T A   M E M O R Y   * * * * * * *
            REG     0000H     0008H     ABSOLUTE     "REG BANK 0"
            DATA    0008H     0018H     UNIT         ?DT?_TM1638_DISPLAY_FIX?MAIN
            DATA    0020H     0010H     UNIT         ?DT?MAIN
            DATA    0030H     000BH     UNIT         _DATA_GROUP_
            DATA    003BH     0004H     UNIT         ?DT?READ_KEY?MAIN
            IDATA   003FH     0001H     UNIT         ?STACK

            * * * * * * *   C O D E   M E M O R Y   * * * * * * *
            CODE    0000H     0003H     ABSOLUTE     
            CODE    0003H     00F6H     UNIT         ?C?LIB_CODE
            CODE    00F9H     008CH     UNIT         ?C_C51STARTUP
            CODE    0185H     006DH     UNIT         ?PR?READ_KEY?MAIN
            CODE    01F2H     0046H     UNIT         ?PR?MAIN?MAIN
            CODE    0238H     003CH     UNIT         ?PR?_WRITE_ALLLED?MAIN
            CODE    0274H     0030H     UNIT         ?CO?MAIN
            CODE    02A4H     002CH     UNIT         ?PR?_WRITE_ONELED?MAIN
            CODE    02D0H     002BH     UNIT         ?PR?_TM1638_DISPLAY_FIX?MAIN
            CODE    02FBH     0029H     UNIT         ?PR?INIT_TM1638?MAIN
            CODE    0324H     0022H     UNIT         ?PR?_TM1638_WRITE?MAIN
            CODE    0346H     0021H     UNIT         ?PR?TM1638_READ?MAIN
            CODE    0367H     0019H     UNIT         ?PR?_WRITE_DATA?MAIN
            CODE    0380H     0013H     UNIT         ?PR?_WRITE_COM?MAIN
            CODE    0393H     000EH     UNIT         ?PR?DELAY1000MS?MAIN
            CODE    03A1H     000BH     UNIT         ?C_INITSEG



OVERLAY MAP OF MODULE:   TM1638_test (?C_STARTUP)


SEGMENT                                DATA_GROUP 
  +--> CALLED SEGMENT                START    LENGTH
----------------------------------------------------
?C_C51STARTUP                        -----    -----
  +--> ?PR?MAIN?MAIN
  +--> ?C_INITSEG

BL51 BANKED LINKER/LOCATER V6.22.2.0                                                  12/16/2021  00:26:02  PAGE 2


?PR?MAIN?MAIN                        0030H    0001H
  +--> ?PR?INIT_TM1638?MAIN
  +--> ?CO?MAIN
  +--> ?PR?_WRITE_DATA?MAIN
  +--> ?PR?DELAY1000MS?MAIN
  +--> ?PR?_WRITE_ONELED?MAIN

?PR?INIT_TM1638?MAIN                 -----    -----
  +--> ?PR?_WRITE_COM?MAIN
  +--> ?PR?_TM1638_WRITE?MAIN

?PR?_WRITE_COM?MAIN                  -----    -----
  +--> ?PR?_TM1638_WRITE?MAIN

?PR?_WRITE_DATA?MAIN                 -----    -----
  +--> ?PR?_WRITE_COM?MAIN
  +--> ?PR?_TM1638_WRITE?MAIN

?PR?_WRITE_ONELED?MAIN               0031H    000AH
  +--> ?CO?MAIN
  +--> ?PR?_WRITE_COM?MAIN
  +--> ?PR?_TM1638_WRITE?MAIN



SYMBOL TABLE OF MODULE:  TM1638_test (?C_STARTUP)

  VALUE           TYPE          NAME
  ----------------------------------

  -------         MODULE        ?C_STARTUP
  C:00F9H         SEGMENT       ?C_C51STARTUP
  I:003FH         SEGMENT       ?STACK
  C:0000H         PUBLIC        ?C_STARTUP
  D:00E0H         SYMBOL        ACC
  D:00F0H         SYMBOL        B
  D:0083H         SYMBOL        DPH
  D:0082H         SYMBOL        DPL
  N:0000H         SYMBOL        IBPSTACK
  N:0100H         SYMBOL        IBPSTACKTOP
  N:0080H         SYMBOL        IDATALEN
  C:00FCH         SYMBOL        IDATALOOP
  N:0000H         SYMBOL        PBPSTACK
  N:0000H         SYMBOL        PBPSTACKTOP
  N:0000H         SYMBOL        PDATALEN
  N:0000H         SYMBOL        PDATASTART
  N:0000H         SYMBOL        PPAGE
  N:0000H         SYMBOL        PPAGEENABLE
  D:00A0H         SYMBOL        PPAGE_SFR
  D:0081H         SYMBOL        SP
  C:00F9H         SYMBOL        STARTUP1
  N:0000H         SYMBOL        XBPSTACK
  N:0000H         SYMBOL        XBPSTACKTOP
  N:0000H         SYMBOL        XDATALEN
  N:0000H         SYMBOL        XDATASTART
  C:0000H         LINE#         92
  C:00F9H         LINE#         99
BL51 BANKED LINKER/LOCATER V6.22.2.0                                                  12/16/2021  00:26:02  PAGE 3


  C:00FBH         LINE#         100
  C:00FCH         LINE#         101
  C:00FDH         LINE#         102
  C:00FFH         LINE#         151
  C:0102H         LINE#         155
  -------         ENDMOD        ?C_STARTUP

  -------         MODULE        MAIN
  C:0000H         SYMBOL        _ICE_DUMMY_
  C:0238H         PUBLIC        _Write_allLED
  D:0090H         PUBLIC        P1
  D:0020H         PUBLIC        TM1638_LedAddrTab
  C:02A4H         PUBLIC        _Write_oneLED
  C:0367H         PUBLIC        _Write_DATA
  C:02FBH         PUBLIC        init_TM1638
  C:0393H         PUBLIC        Delay1000ms
  C:01F2H         PUBLIC        main
  C:0185H         PUBLIC        Read_key
  C:0274H         PUBLIC        tab
  C:0286H         SYMBOL        _?ix1000
  C:029CH         SYMBOL        _?ix1001
  C:038BH         PUBLIC        _Write_COM
  D:0028H         PUBLIC        num
  C:0346H         PUBLIC        TM1638_Read
  C:02D0H         PUBLIC        _TM1638_display_Fix
  B:0090H.1       PUBLIC        CLK
  B:0090H.0       PUBLIC        DIO
  C:0324H         PUBLIC        _TM1638_Write
  B:0090H.2       PUBLIC        STB
  -------         PROC          DELAY1000MS
  -------         DO            
  D:0007H         SYMBOL        i
  D:0006H         SYMBOL        j
  D:0005H         SYMBOL        k
  -------         ENDDO         
  C:0393H         LINE#         14
  C:0393H         LINE#         15
  C:0393H         LINE#         18
  C:0394H         LINE#         19
  C:0396H         LINE#         20
  C:0398H         LINE#         21
  C:039AH         LINE#         23
  C:039AH         LINE#         25
  C:039AH         LINE#         26
  C:039CH         LINE#         27
  C:039EH         LINE#         28
  C:03A0H         LINE#         29
  -------         ENDPROC       DELAY1000MS
  -------         PROC          _TM1638_WRITE
  D:0007H         SYMBOL        DATA
  -------         DO            
  D:0006H         SYMBOL        i
  -------         ENDDO         
  C:0324H         LINE#         38
  C:0324H         LINE#         39
  C:0324H         LINE#         41
  C:0330H         LINE#         42
BL51 BANKED LINKER/LOCATER V6.22.2.0                                                  12/16/2021  00:26:02  PAGE 4


  C:0330H         LINE#         43
  C:0332H         LINE#         44
  C:0336H         LINE#         45
  C:033AH         LINE#         47
  C:033CH         LINE#         48
  C:0340H         LINE#         49
  C:0342H         LINE#         50
  C:0345H         LINE#         51
  -------         ENDPROC       _TM1638_WRITE
  -------         PROC          TM1638_READ
  -------         DO            
  D:0006H         SYMBOL        i
  D:0007H         SYMBOL        temp
  -------         ENDDO         
  C:0346H         LINE#         52
  C:0346H         LINE#         53
  C:0346H         LINE#         55
  C:0348H         LINE#         56
  C:034AH         LINE#         57
  C:0355H         LINE#         58
  C:0355H         LINE#         59
  C:0359H         LINE#         60
  C:035BH         LINE#         61
  C:035EH         LINE#         62
  C:0361H         LINE#         63
  C:0363H         LINE#         64
  C:0366H         LINE#         65
  C:0366H         LINE#         66
  -------         ENDPROC       TM1638_READ
  -------         PROC          L?0065
  -------         ENDPROC       L?0065
  -------         PROC          _WRITE_COM
  D:0007H         SYMBOL        cmd
  C:038BH         LINE#         67
  C:038BH         LINE#         68
  C:038BH         LINE#         69
  C:038DH         LINE#         70
  C:0390H         LINE#         71
  C:0392H         LINE#         72
  -------         ENDPROC       _WRITE_COM
  -------         PROC          READ_KEY
  -------         DO            
  D:003BH         SYMBOL        c
  D:0004H         SYMBOL        i
  D:0005H         SYMBOL        key_value
  -------         ENDDO         
  C:0185H         LINE#         73
  C:0185H         LINE#         74
  C:0185H         LINE#         75
  C:0187H         LINE#         76
  C:0189H         LINE#         77
  C:018EH         LINE#         78
  C:019AH         LINE#         79
  C:01A6H         LINE#         80
  C:01A8H         LINE#         81
  C:01B4H         LINE#         82
  C:01C8H         LINE#         83
BL51 BANKED LINKER/LOCATER V6.22.2.0                                                  12/16/2021  00:26:02  PAGE 5


  C:01D4H         LINE#         84
  C:01ECH         LINE#         85
  C:01EFH         LINE#         86
  C:01F1H         LINE#         87
  -------         ENDPROC       READ_KEY
  -------         PROC          _WRITE_DATA
  D:0004H         SYMBOL        addr
  D:0005H         SYMBOL        DATA
  C:0367H         LINE#         89
  C:0369H         LINE#         90
  C:0369H         LINE#         91
  C:036EH         LINE#         92
  C:0370H         LINE#         93
  C:0377H         LINE#         94
  C:0378H         LINE#         95
  C:037DH         LINE#         96
  C:037FH         LINE#         97
  -------         ENDPROC       _WRITE_DATA
  -------         PROC          _TM1638_DISPLAY_FIX
  D:0008H         SYMBOL        add
  D:0009H         SYMBOL        DATA
  -------         DO            
  D:000AH         SYMBOL        buff
  -------         ENDDO         
  C:02D0H         LINE#         100
  C:02D4H         LINE#         101
  C:02D4H         LINE#         103
  C:02DEH         LINE#         105
  C:02E1H         LINE#         106
  C:02E3H         LINE#         107
  C:02EDH         LINE#         108
  C:02EEH         LINE#         109
  C:02F8H         LINE#         110
  C:02FAH         LINE#         111
  -------         ENDPROC       _TM1638_DISPLAY_FIX
  -------         PROC          _WRITE_ONELED
  D:0031H         SYMBOL        num
  D:0032H         SYMBOL        flag
  -------         DO            
  D:0033H         SYMBOL        TM1638_Addr_LED
  -------         ENDDO         
  C:02A4H         LINE#         113
  C:02A8H         LINE#         114
  C:02A8H         LINE#         116
  C:02B2H         LINE#         117
  C:02B5H         LINE#         118
  C:02B7H         LINE#         119
  C:02B7H         LINE#         121
  C:02B7H         LINE#         122
  C:02B7H         LINE#         123
  C:02B7H         LINE#         124
  C:02B7H         LINE#         125
  C:02B7H         LINE#         127
  C:02B7H         LINE#         128
  C:02B7H         LINE#         130
  C:02BCH         LINE#         131
  C:02BEH         LINE#         132
BL51 BANKED LINKER/LOCATER V6.22.2.0                                                  12/16/2021  00:26:02  PAGE 6


  C:02C8H         LINE#         133
  C:02CDH         LINE#         134
  C:02CFH         LINE#         135
  C:02CFH         LINE#         136
  -------         ENDPROC       _WRITE_ONELED
  -------         PROC          _WRITE_ALLLED
  D:0003H         SYMBOL        LED_flag
  -------         DO            
  D:0002H         SYMBOL        i
  -------         ENDDO         
  C:0238H         LINE#         137
  C:023AH         LINE#         138
  C:023AH         LINE#         140
  C:0246H         LINE#         144
  C:025DH         LINE#         145
  C:0264H         LINE#         147
  C:0266H         LINE#         149
  C:0270H         LINE#         150
  C:0273H         LINE#         151
  -------         ENDPROC       _WRITE_ALLLED
  -------         PROC          INIT_TM1638
  -------         DO            
  D:0005H         SYMBOL        i
  -------         ENDDO         
  C:02FBH         LINE#         154
  C:02FBH         LINE#         155
  C:02FBH         LINE#         157
  C:0300H         LINE#         158
  C:0305H         LINE#         159
  C:0307H         LINE#         160
  C:030CH         LINE#         161
  C:030DH         LINE#         162
  C:0319H         LINE#         163
  C:0321H         LINE#         164
  C:0323H         LINE#         165
  -------         ENDPROC       INIT_TM1638
  -------         PROC          MAIN
  -------         DO            
  D:0030H         SYMBOL        i
  -------         ENDDO         
  C:01F2H         LINE#         11
  C:01F2H         LINE#         12
  C:01F2H         LINE#         14
  C:01F5H         LINE#         15
  C:0203H         LINE#         16
  C:0215H         LINE#         17
  C:0218H         LINE#         19
  C:0218H         LINE#         20
  C:0218H         LINE#         21
  C:0226H         LINE#         22
  C:022DH         LINE#         23
  C:0234H         LINE#         24
  -------         ENDPROC       MAIN
  -------         ENDMOD        MAIN

  -------         MODULE        ?C?COPY
  C:00D3H         PUBLIC        ?C?COPY
BL51 BANKED LINKER/LOCATER V6.22.2.0                                                  12/16/2021  00:26:02  PAGE 7


  -------         ENDMOD        ?C?COPY

*** WARNING L16: UNCALLED SEGMENT, IGNORED FOR OVERLAY PROCESS
    SEGMENT: ?PR?READ_KEY?MAIN

*** WARNING L16: UNCALLED SEGMENT, IGNORED FOR OVERLAY PROCESS
    SEGMENT: ?PR?_TM1638_DISPLAY_FIX?MAIN

*** WARNING L16: UNCALLED SEGMENT, IGNORED FOR OVERLAY PROCESS
    SEGMENT: ?PR?_WRITE_ALLLED?MAIN

Program Size: data=64.0 xdata=0 code=940
LINK/LOCATE RUN COMPLETE.  3 WARNING(S),  0 ERROR(S)
