BL51 BANKED LINKER/LOCATER V6.22.2.0                                                    04/15/2022  21:52:36  PAGE 1


BL51 BANKED LINKER/LOCATER V6.22.2.0, INVOKED BY:
C:\KEIL_V5\C51\BIN\BL51.EXE STARTUP.obj, 1.obj TO test RAMSIZE (256)


MEMORY MODEL: SMALL


INPUT MODULES INCLUDED:
  STARTUP.obj (?C_STARTUP)
  1.obj (1)
  C:\KEIL_V5\C51\LIB\C51S.LIB (?C_INIT)
  C:\KEIL_V5\C51\LIB\C51S.LIB (?C?CLDPTR)
  C:\KEIL_V5\C51\LIB\C51S.LIB (?C?CSTPTR)
  C:\KEIL_V5\C51\LIB\C51S.LIB (?C?CSTOPTR)
  C:\KEIL_V5\C51\LIB\C51S.LIB (?C?LMUL)
  C:\KEIL_V5\C51\LIB\C51S.LIB (?C?ULDIV)
  C:\KEIL_V5\C51\LIB\C51S.LIB (?C?ULCMP)
  C:\KEIL_V5\C51\LIB\C51S.LIB (?C?CCASE)


LINK MAP OF MODULE:  test (?C_STARTUP)


            TYPE    BASE      LENGTH    RELOCATION   SEGMENT NAME
            -----------------------------------------------------

            * * * * * * *   D A T A   M E M O R Y   * * * * * * *
            REG     0000H     0008H     ABSOLUTE     "REG BANK 0"
            DATA    0008H     0013H     UNIT         ?DT?1
                    001BH     0005H                  *** GAP ***
            BIT     0020H.0   0000H.1   UNIT         ?BI?1
            BIT     0020H.1   0000H.1   UNIT         _BIT_GROUP_
                    0020H.2   0000H.6                *** GAP ***
            DATA    0021H     0008H     UNIT         _DATA_GROUP_
            IDATA   0029H     0001H     UNIT         ?STACK

            * * * * * * *   C O D E   M E M O R Y   * * * * * * *
            CODE    0000H     0003H     ABSOLUTE     
            CODE    0003H     01A1H     UNIT         ?C?LIB_CODE
            CODE    01A4H     00C2H     UNIT         ?PR?MAIN?1
            CODE    0266H     00C0H     UNIT         ?PR?_INTTOCHAR5?1
            CODE    0326H     00A1H     UNIT         ?PR?KEYSCAN?1
            CODE    03C7H     008CH     UNIT         ?C_C51STARTUP
            CODE    0453H     006EH     UNIT         ?PR?_SETNUM?1
            CODE    04C1H     004FH     UNIT         ?CO?1
            CODE    0510H     004BH     UNIT         ?PR?_DELAY?1
            CODE    055BH     004BH     UNIT         ?PR?DISPLAY?1
            CODE    05A6H     003AH     UNIT         ?PR?SET?1
            CODE    05E0H     0032H     UNIT         ?PR?_PUTSTRING?1
            CODE    0612H     002CH     UNIT         ?PR?INIT?1
            CODE    063EH     002CH     UNIT         ?PR?_SETADDRESS?1
            CODE    066AH     0026H     UNIT         ?PR?START?1
            CODE    0690H     0020H     UNIT         ?PR?_SENDCMDORDATA?1
            CODE    06B0H     0020H     UNIT         ?C_INITSEG
            CODE    06D0H     001FH     UNIT         ?PR?CHECKBUSY?1



BL51 BANKED LINKER/LOCATER V6.22.2.0                                                  04/15/2022  21:52:36  PAGE 2


OVERLAY MAP OF MODULE:   test (?C_STARTUP)


SEGMENT                           BIT_GROUP          DATA_GROUP 
  +--> CALLED SEGMENT          START    LENGTH     START    LENGTH
------------------------------------------------------------------
?C_C51STARTUP                  -----    -----      -----    -----
  +--> ?PR?MAIN?1
  +--> ?C_INITSEG

?PR?MAIN?1                     -----    -----      -----    -----
  +--> ?PR?INIT?1
  +--> ?CO?1
  +--> ?PR?_PUTSTRING?1
  +--> ?PR?_DELAY?1
  +--> ?PR?_SENDCMDORDATA?1
  +--> ?PR?DISPLAY?1
  +--> ?PR?KEYSCAN?1
  +--> ?PR?_SETNUM?1
  +--> ?PR?SET?1
  +--> ?PR?START?1

?PR?INIT?1                     -----    -----      -----    -----
  +--> ?PR?_SENDCMDORDATA?1
  +--> ?PR?_DELAY?1

?PR?_SENDCMDORDATA?1           0020H.1  0000H.1    -----    -----
  +--> ?PR?CHECKBUSY?1

?PR?_DELAY?1                   -----    -----      0021H    0006H

?PR?_PUTSTRING?1               -----    -----      0022H    0003H
  +--> ?PR?_SETADDRESS?1
  +--> ?PR?_SENDCMDORDATA?1

?PR?_SETADDRESS?1              -----    -----      -----    -----
  +--> ?PR?_SENDCMDORDATA?1

?PR?DISPLAY?1                  -----    -----      -----    -----
  +--> ?PR?_INTTOCHAR5?1
  +--> ?CO?1
  +--> ?PR?_PUTSTRING?1

?PR?_INTTOCHAR5?1              -----    -----      0022H    0007H

?PR?KEYSCAN?1                  -----    -----      -----    -----
  +--> ?PR?_DELAY?1

?PR?_SETNUM?1                  -----    -----      0021H    0001H
  +--> ?PR?DISPLAY?1
  +--> ?PR?_SENDCMDORDATA?1

?PR?SET?1                      -----    -----      -----    -----
  +--> ?PR?_SENDCMDORDATA?1
  +--> ?PR?DISPLAY?1

?PR?START?1                    -----    -----      -----    -----
BL51 BANKED LINKER/LOCATER V6.22.2.0                                                  04/15/2022  21:52:36  PAGE 3


  +--> ?PR?_SENDCMDORDATA?1
  +--> ?PR?_DELAY?1
  +--> ?CO?1
  +--> ?PR?_PUTSTRING?1
  +--> ?PR?DISPLAY?1



SYMBOL TABLE OF MODULE:  test (?C_STARTUP)

  VALUE           TYPE          NAME
  ----------------------------------

  -------         MODULE        ?C_STARTUP
  C:03C7H         SEGMENT       ?C_C51STARTUP
  I:0029H         SEGMENT       ?STACK
  C:0000H         PUBLIC        ?C_STARTUP
  D:00E0H         SYMBOL        ACC
  D:00F0H         SYMBOL        B
  D:0083H         SYMBOL        DPH
  D:0082H         SYMBOL        DPL
  N:0000H         SYMBOL        IBPSTACK
  N:0100H         SYMBOL        IBPSTACKTOP
  N:0080H         SYMBOL        IDATALEN
  C:03CAH         SYMBOL        IDATALOOP
  N:0000H         SYMBOL        PBPSTACK
  N:0100H         SYMBOL        PBPSTACKTOP
  N:0000H         SYMBOL        PDATALEN
  N:0000H         SYMBOL        PDATASTART
  N:0000H         SYMBOL        PPAGE
  N:0000H         SYMBOL        PPAGEENABLE
  D:00A0H         SYMBOL        PPAGE_SFR
  D:0081H         SYMBOL        SP
  C:03C7H         SYMBOL        STARTUP1
  N:0000H         SYMBOL        XBPSTACK
  N:0000H         SYMBOL        XBPSTACKTOP
  N:0000H         SYMBOL        XDATALEN
  N:0000H         SYMBOL        XDATASTART
  C:0000H         LINE#         126
  C:03C7H         LINE#         133
  C:03C9H         LINE#         134
  C:03CAH         LINE#         135
  C:03CBH         LINE#         136
  C:03CDH         LINE#         185
  C:03D0H         LINE#         196
  -------         ENDMOD        ?C_STARTUP

  -------         MODULE        1
  C:0000H         SYMBOL        _ICE_DUMMY_
  C:0453H         PUBLIC        _Setnum
  D:0080H         PUBLIC        P0
  D:0090H         PUBLIC        P1
  C:0694H         PUBLIC        _SendCmdorData
  D:00A0H         PUBLIC        P2
  C:01A4H         PUBLIC        Main
  C:06D0H         PUBLIC        CheckBusy
  B:0020H.0       PUBLIC        set_up_able
BL51 BANKED LINKER/LOCATER V6.22.2.0                                                  04/15/2022  21:52:36  PAGE 4


  C:066AH         PUBLIC        Start
  C:0612H         PUBLIC        Init
  B:00A0H.7       PUBLIC        RS
  B:00A0H.6       PUBLIC        RW
  C:05A6H         PUBLIC        Set
  D:0008H         PUBLIC        time
  B:00A0H.3       PUBLIC        Relay1
  B:00A0H.4       PUBLIC        Relay2
  C:05E8H         PUBLIC        _PutString
  B:00A0H.5       PUBLIC        E
  D:000CH         PUBLIC        time_temp
  D:0010H         PUBLIC        num
  C:0326H         PUBLIC        Keyscan
  D:0011H         PUBLIC        T
  D:0017H         PUBLIC        time_min
  C:0567H         PUBLIC        Display
  C:0266H         PUBLIC        _Inttochar5
  C:0518H         PUBLIC        _Delay
  C:063EH         PUBLIC        _SetAddress
  C:0510H         SYMBOL        L?0092
  C:0512H         SYMBOL        L?0093
  -------         PROC          L?0091
  -------         ENDPROC       L?0091
  C:0510H         SYMBOL        L?0092
  C:0512H         SYMBOL        L?0093
  -------         PROC          _DELAY
  D:0021H         SYMBOL        n
  -------         DO            
  D:0025H         SYMBOL        i
  D:0082H         SYMBOL        j
  -------         ENDDO         
  C:0518H         LINE#         23
  C:0520H         LINE#         24
  C:0520H         LINE#         25
  C:0529H         LINE#         26
  C:0542H         LINE#         27
  C:055AH         LINE#         28
  -------         ENDPROC       _DELAY
  -------         PROC          CHECKBUSY
  -------         DO            
  D:0006H         SYMBOL        nTimeOut
  -------         ENDDO         
  C:06D0H         LINE#         33
  C:06D0H         LINE#         34
  C:06D0H         LINE#         35
  C:06D3H         LINE#         36
  C:06D5H         LINE#         37
  C:06D7H         LINE#         38
  C:06D9H         LINE#         39
  C:06DBH         LINE#         40
  C:06E8H         LINE#         41
  C:06EAH         LINE#         42
  C:06ECH         LINE#         43
  C:06EEH         LINE#         44
  -------         ENDPROC       CHECKBUSY
  C:0690H         SYMBOL        L?0097
  -------         PROC          L?0096
BL51 BANKED LINKER/LOCATER V6.22.2.0                                                  04/15/2022  21:52:36  PAGE 5


  -------         ENDPROC       L?0096
  C:0690H         SYMBOL        L?0097
  -------         PROC          _SENDCMDORDATA
  D:0005H         SYMBOL        byCmdorData
  B:0020H.1       SYMBOL        DI
  C:0694H         LINE#         49
  C:0696H         LINE#         50
  C:0696H         LINE#         51
  C:0699H         LINE#         52
  C:069DH         LINE#         53
  C:069FH         LINE#         54
  C:06A1H         LINE#         55
  C:06A3H         LINE#         56
  C:06A4H         LINE#         57
  C:06A5H         LINE#         58
  C:06A7H         LINE#         59
  C:06A8H         LINE#         60
  C:06A9H         LINE#         61
  C:06ABH         LINE#         62
  C:06ADH         LINE#         63
  C:06AFH         LINE#         64
  -------         ENDPROC       _SENDCMDORDATA
  -------         PROC          INIT
  C:0612H         LINE#         69
  C:0612H         LINE#         70
  C:0612H         LINE#         71
  C:0619H         LINE#         72
  C:061CH         LINE#         73
  C:061FH         LINE#         74
  C:0622H         LINE#         75
  C:0629H         LINE#         76
  C:062CH         LINE#         77
  C:0633H         LINE#         78
  -------         ENDPROC       INIT
  -------         PROC          _SETADDRESS
  D:0007H         SYMBOL        x
  D:0004H         SYMBOL        y
  -------         DO            
  D:0003H         SYMBOL        byAddress
  -------         ENDDO         
  C:063EH         LINE#         85
  C:063EH         LINE#         86
  C:063EH         LINE#         88
  C:064DH         LINE#         89
  C:064DH         LINE#         90
  C:064DH         LINE#         91
  C:0651H         LINE#         92
  C:0653H         LINE#         93
  C:0653H         LINE#         94
  C:0657H         LINE#         95
  C:0659H         LINE#         96
  C:0659H         LINE#         97
  C:065DH         LINE#         98
  C:065FH         LINE#         99
  C:065FH         LINE#         100
  C:0663H         LINE#         101
  C:0663H         LINE#         102
BL51 BANKED LINKER/LOCATER V6.22.2.0                                                  04/15/2022  21:52:36  PAGE 6


  C:0663H         LINE#         103
  C:0663H         LINE#         104
  -------         ENDPROC       _SETADDRESS
  C:05E4H         SYMBOL        L?0095
  -------         PROC          L?0094
  -------         ENDPROC       L?0094
  C:05E4H         SYMBOL        L?0095
  -------         PROC          _PUTSTRING
  D:0007H         SYMBOL        x
  D:0004H         SYMBOL        y
  D:0022H         SYMBOL        pData
  C:05E8H         LINE#         110
  C:05EEH         LINE#         111
  C:05EEH         LINE#         112
  C:05F1H         LINE#         113
  C:05FCH         LINE#         114
  C:05FCH         LINE#         115
  C:060FH         LINE#         116
  C:0611H         LINE#         117
  -------         ENDPROC       _PUTSTRING
  -------         PROC          _INTTOCHAR5
  D:0022H         SYMBOL        a
  D:0026H         SYMBOL        chx
  C:0266H         LINE#         123
  C:0274H         LINE#         124
  C:0274H         LINE#         125
  C:028AH         LINE#         126
  C:02B4H         LINE#         127
  C:02DDH         LINE#         128
  C:0306H         LINE#         129
  -------         ENDPROC       _INTTOCHAR5
  -------         PROC          L?0098
  -------         ENDPROC       L?0098
  -------         PROC          DISPLAY
  C:0567H         LINE#         135
  C:0567H         LINE#         136
  C:0567H         LINE#         137
  C:0578H         LINE#         138
  C:057FH         LINE#         139
  C:058CH         LINE#         140
  C:0599H         LINE#         141
  -------         ENDPROC       DISPLAY
  -------         PROC          SET
  C:05A6H         LINE#         147
  C:05A6H         LINE#         148
  C:05A6H         LINE#         149
  C:05A9H         LINE#         150
  C:05A9H         LINE#         151
  C:05B2H         LINE#         152
  C:05B9H         LINE#         153
  C:05BDH         LINE#         154
  C:05BFH         LINE#         156
  C:05BFH         LINE#         157
  C:05D5H         LINE#         158
  C:05D5H         LINE#         159
  C:05D5H         LINE#         160
  C:05D8H         LINE#         161
BL51 BANKED LINKER/LOCATER V6.22.2.0                                                  04/15/2022  21:52:36  PAGE 7


  C:05D8H         LINE#         162
  C:05DFH         LINE#         163
  C:05DFH         LINE#         164
  -------         ENDPROC       SET
  -------         PROC          _SETNUM
  D:0021H         SYMBOL        num
  C:0453H         LINE#         170
  C:0455H         LINE#         171
  C:0455H         LINE#         172
  C:0458H         LINE#         173
  C:0458H         LINE#         174
  C:046DH         LINE#         175
  C:046DH         LINE#         176
  C:0476H         LINE#         177
  C:0476H         LINE#         178
  C:04A4H         LINE#         179
  C:04AFH         LINE#         180
  C:04B2H         LINE#         181
  C:04B9H         LINE#         182
  C:04C0H         LINE#         183
  C:04C0H         LINE#         184
  -------         ENDPROC       _SETNUM
  -------         PROC          KEYSCAN
  -------         DO            
  D:0007H         SYMBOL        temp
  D:0006H         SYMBOL        z
  -------         ENDDO         
  C:0326H         LINE#         191
  C:0326H         LINE#         192
  C:0326H         LINE#         194
  C:0329H         LINE#         195
  C:0333H         LINE#         196
  C:0333H         LINE#         197
  C:0338H         LINE#         198
  C:0342H         LINE#         199
  C:0342H         LINE#         200
  C:0344H         LINE#         201
  C:0347H         LINE#         202
  C:034BH         LINE#         203
  C:034DH         LINE#         204
  C:0352H         LINE#         205
  C:0352H         LINE#         206
  C:0357H         LINE#         207
  C:0359H         LINE#         208
  C:0393H         LINE#         209
  C:0393H         LINE#         210
  C:0397H         LINE#         211
  C:039BH         LINE#         212
  C:039FH         LINE#         213
  C:03A3H         LINE#         214
  C:03A7H         LINE#         215
  C:03ABH         LINE#         216
  C:03AFH         LINE#         217
  C:03B3H         LINE#         218
  C:03B7H         LINE#         219
  C:03BBH         LINE#         220
  C:03BFH         LINE#         221
BL51 BANKED LINKER/LOCATER V6.22.2.0                                                  04/15/2022  21:52:36  PAGE 8


  C:03C3H         LINE#         222
  C:03C3H         LINE#         223
  C:03C3H         LINE#         224
  C:03C3H         LINE#         225
  C:03C6H         LINE#         226
  C:03C6H         LINE#         227
  C:03C6H         LINE#         228
  C:03C6H         LINE#         229
  -------         ENDPROC       KEYSCAN
  -------         PROC          START
  C:066AH         LINE#         234
  C:066AH         LINE#         235
  C:066AH         LINE#         236
  C:066DH         LINE#         237
  C:0670H         LINE#         238
  C:0677H         LINE#         239
  C:0679H         LINE#         240
  C:067BH         LINE#         241
  C:0686H         LINE#         242
  C:0688H         LINE#         243
  C:068AH         LINE#         244
  C:068DH         LINE#         245
  -------         ENDPROC       START
  -------         PROC          MAIN
  C:01A4H         LINE#         251
  C:01A4H         LINE#         252
  C:01A4H         LINE#         253
  C:01A7H         LINE#         254
  C:01B2H         LINE#         255
  C:01BFH         LINE#         256
  C:01C8H         LINE#         257
  C:01CBH         LINE#         258
  C:01CEH         LINE#         259
  C:01D9H         LINE#         260
  C:01E6H         LINE#         261
  C:01EFH         LINE#         262
  C:01F2H         LINE#         263
  C:01F5H         LINE#         264
  C:01F5H         LINE#         265
  C:01F8H         LINE#         266
  C:01FBH         LINE#         267
  C:01FEH         LINE#         268
  C:01FEH         LINE#         269
  C:01FEH         LINE#         270
  C:0201H         LINE#         271
  C:0236H         LINE#         272
  C:0236H         LINE#         273
  C:0238H         LINE#         274
  C:023AH         LINE#         275
  C:023CH         LINE#         276
  C:023EH         LINE#         277
  C:0240H         LINE#         278
  C:0242H         LINE#         279
  C:0244H         LINE#         280
  C:0246H         LINE#         281
  C:0248H         LINE#         282
  C:024FH         LINE#         283
BL51 BANKED LINKER/LOCATER V6.22.2.0                                                  04/15/2022  21:52:36  PAGE 9


  C:0251H         LINE#         284
  C:0259H         LINE#         285
  C:025EH         LINE#         286
  -------         ENDPROC       MAIN
  -------         ENDMOD        1

  -------         MODULE        ?C?CLDPTR
  C:0003H         PUBLIC        ?C?CLDPTR
  -------         ENDMOD        ?C?CLDPTR

  -------         MODULE        ?C?CSTPTR
  C:001CH         PUBLIC        ?C?CSTPTR
  -------         ENDMOD        ?C?CSTPTR

  -------         MODULE        ?C?CSTOPTR
  C:002EH         PUBLIC        ?C?CSTOPTR
  -------         ENDMOD        ?C?CSTOPTR

  -------         MODULE        ?C?LMUL
  C:0050H         PUBLIC        ?C?LMUL
  -------         ENDMOD        ?C?LMUL

  -------         MODULE        ?C?ULDIV
  C:00DBH         PUBLIC        ?C?ULDIV
  -------         ENDMOD        ?C?ULDIV

  -------         MODULE        ?C?ULCMP
  C:016DH         PUBLIC        ?C?ULCMP
  -------         ENDMOD        ?C?ULCMP

  -------         MODULE        ?C?CCASE
  C:017EH         PUBLIC        ?C?CCASE
  -------         ENDMOD        ?C?CCASE

Program Size: data=36.2 xdata=0 code=1775
LINK/LOCATE RUN COMPLETE.  0 WARNING(S),  0 ERROR(S)
